Component: Arm Compiler for Embedded 6.19 Tool: armlink [5e73cb00]

==============================================================================

Section Cross References

    code.o(.text.update_signal) refers to code.o(.text.get_value) for get_value
    code.o(.text.update_signal) refers to code.o(.bss.UD) for UD
    code.o(.text.update_signal) refers to code.o(.bss.LR) for LR
    code.o(.ARM.exidx.text.update_signal) refers to code.o(.text.update_signal) for [Anonymous Symbol]
    code.o(.text.get_value) refers to code.o(.text.pin_status) for pin_status
    code.o(.ARM.exidx.text.get_value) refers to code.o(.text.get_value) for [Anonymous Symbol]
    code.o(.text.reset_led) refers to gpio.o(.text.GPIO_WritePin) for GPIO_WritePin
    code.o(.ARM.exidx.text.reset_led) refers to code.o(.text.reset_led) for [Anonymous Symbol]
    code.o(.text.traffic_indicator) refers to code.o(.bss.LR) for LR
    code.o(.text.traffic_indicator) refers to code.o(.text.reset_led) for reset_led
    code.o(.text.traffic_indicator) refers to code.o(.bss.trafficD) for trafficD
    code.o(.text.traffic_indicator) refers to code.o(.bss.trafficU) for trafficU
    code.o(.text.traffic_indicator) refers to code.o(.text.traffic_cnt) for traffic_cnt
    code.o(.text.traffic_indicator) refers to code.o(.bss.UD) for UD
    code.o(.text.traffic_indicator) refers to code.o(.bss.trafficL) for trafficL
    code.o(.text.traffic_indicator) refers to code.o(.bss.trafficR) for trafficR
    code.o(.ARM.exidx.text.traffic_indicator) refers to code.o(.text.traffic_indicator) for [Anonymous Symbol]
    code.o(.text.traffic_cnt) refers to gpio.o(.text.GPIO_WritePin) for GPIO_WritePin
    code.o(.ARM.exidx.text.traffic_cnt) refers to code.o(.text.traffic_cnt) for [Anonymous Symbol]
    code.o(.text.traffic_move) refers to code.o(.text.reset_led) for reset_led
    code.o(.text.traffic_move) refers to code.o(.bss.con_flag) for con_flag
    code.o(.text.traffic_move) refers to code.o(.bss.con_buffer_in) for con_buffer_in
    code.o(.text.traffic_move) refers to interrupthandler.o(.text.control_to_light) for control_to_light
    code.o(.text.traffic_move) refers to code.o(.rodata.str1.1) for .L.str
    code.o(.text.traffic_move) refers to strcpy.o(.text) for strcpy
    code.o(.text.traffic_move) refers to code.o(.bss.tim_flag) for tim_flag
    code.o(.text.traffic_move) refers to usart.o(.text.UART_SendString) for UART_SendString
    code.o(.text.traffic_move) refers to timer.o(.bss.sen) for sen
    code.o(.text.traffic_move) refers to interrupthandler.o(.text.light_to_control) for light_to_control
    code.o(.text.traffic_move) refers to sys_init.o(.text.ms_delay) for ms_delay
    code.o(.text.traffic_move) refers to gpio.o(.text.GPIO_WritePin) for GPIO_WritePin
    code.o(.ARM.exidx.text.traffic_move) refers to code.o(.text.traffic_move) for [Anonymous Symbol]
    code.o(.text.traffic_LR_go) refers to code.o(.bss.trafficL) for trafficL
    code.o(.text.traffic_LR_go) refers to code.o(.bss.trafficR) for trafficR
    code.o(.text.traffic_LR_go) refers to gpio.o(.text.GPIO_WritePin) for GPIO_WritePin
    code.o(.text.traffic_LR_go) refers to code.o(.text.update_signal) for update_signal
    code.o(.text.traffic_LR_go) refers to code.o(.text.traffic_indicator) for traffic_indicator
    code.o(.text.traffic_LR_go) refers to code.o(.bss.LR_Red_to_Green) for LR_Red_to_Green
    code.o(.text.traffic_LR_go) refers to code.o(.text.traffic_move) for traffic_move
    code.o(.ARM.exidx.text.traffic_LR_go) refers to code.o(.text.traffic_LR_go) for [Anonymous Symbol]
    code.o(.text.traffic_LR_stop) refers to gpio.o(.text.GPIO_WritePin) for GPIO_WritePin
    code.o(.text.traffic_LR_stop) refers to code.o(.bss.LR_Green_to_Yellow) for LR_Green_to_Yellow
    code.o(.text.traffic_LR_stop) refers to code.o(.text.traffic_move) for traffic_move
    code.o(.text.traffic_LR_stop) refers to code.o(.text.update_signal) for update_signal
    code.o(.ARM.exidx.text.traffic_LR_stop) refers to code.o(.text.traffic_LR_stop) for [Anonymous Symbol]
    code.o(.text.traffic_UD_go) refers to code.o(.bss.trafficU) for trafficU
    code.o(.text.traffic_UD_go) refers to code.o(.bss.trafficD) for trafficD
    code.o(.text.traffic_UD_go) refers to gpio.o(.text.GPIO_WritePin) for GPIO_WritePin
    code.o(.text.traffic_UD_go) refers to code.o(.text.update_signal) for update_signal
    code.o(.text.traffic_UD_go) refers to code.o(.text.traffic_indicator) for traffic_indicator
    code.o(.text.traffic_UD_go) refers to code.o(.bss.UD_Red_to_Green) for UD_Red_to_Green
    code.o(.text.traffic_UD_go) refers to code.o(.text.traffic_move) for traffic_move
    code.o(.ARM.exidx.text.traffic_UD_go) refers to code.o(.text.traffic_UD_go) for [Anonymous Symbol]
    code.o(.text.traffic_UD_stop) refers to gpio.o(.text.GPIO_WritePin) for GPIO_WritePin
    code.o(.text.traffic_UD_stop) refers to code.o(.bss.UD_Green_to_Yellow) for UD_Green_to_Yellow
[...]
    locale$$data                             0x08005bd4   Section      272  lc_ctype_c.o(locale$$data)
    __lcctype_c_name                         0x08005bd8   Data           2  lc_ctype_c.o(locale$$data)
    __lcctype_c_start                        0x08005be0   Data           0  lc_ctype_c.o(locale$$data)
    __lcctype_c_end                          0x08005ce4   Data           0  lc_ctype_c.o(locale$$data)
    .bss                                     0x20000000   Section      228  rand.o(.bss)
    .bss                                     0x200000e4   Section       96  libspace.o(.bss)
    gpio_LRlight                             0x20000564   Data          20  code.o(.bss.gpio_LRlight)
    [Anonymous Symbol]                       0x20000564   Section        0  code.o(.bss.gpio_LRlight)
    gpio_UDlight                             0x20000578   Data          20  code.o(.bss.gpio_UDlight)
    [Anonymous Symbol]                       0x20000578   Section        0  code.o(.bss.gpio_UDlight)
    msTicks                                  0x20000784   Data           4  sys_init.o(.bss.msTicks)
    [Anonymous Symbol]                       0x20000784   Section        0  sys_init.o(.bss.msTicks)
    Heap_Mem                                 0x20002118   Data         512  startup_stm32f446xx.o(HEAP)
    HEAP                                     0x20002118   Section      512  startup_stm32f446xx.o(HEAP)
    Stack_Mem                                0x20002318   Data        1024  startup_stm32f446xx.o(STACK)
    STACK                                    0x20002318   Section     1024  startup_stm32f446xx.o(STACK)
    __initial_sp                             0x20002718   Data           0  startup_stm32f446xx.o(STACK)

    Global Symbols

    Symbol Name                              Value     Ov Type        Size  Object(Section)

    BuildAttributes$$THM_ISAv4$E$P$D$K$B$S$7EM$VFPi3$EXTD16$VFPS$VFMA$PE$A:L22UL41UL21$X:L11$S22US41US21$IEEE1$IW$~IW$USESV6$~STKCKD$USESV7$~SHL$OTIME$ROPI$IEEEX$EBA8$UX$STANDARDLIB$REQ8$PRES8$EABIv2 0x00000000   Number         0  anon$$obj.o ABSOLUTE
    _printf_flags                            0x00000000   Number         0  printf_stubs.o ABSOLUTE
    _printf_return_value                     0x00000000   Number         0  printf_stubs.o ABSOLUTE
    _printf_sizespec                         0x00000000   Number         0  printf_stubs.o ABSOLUTE
    _printf_widthprec                        0x00000000   Number         0  printf_stubs.o ABSOLUTE
    __ARM_exceptions_init                     - Undefined Weak Reference
    __alloca_initialize                       - Undefined Weak Reference
    __arm_preinit_                            - Undefined Weak Reference
    __arm_relocate_pie_                       - Undefined Weak Reference
    __cpp_initialize__aeabi_                  - Undefined Weak Reference
    __cxa_finalize                            - Undefined Weak Reference
    __sigvec_lookup                           - Undefined Weak Reference
    _atexit_init                              - Undefined Weak Reference
    _call_atexit_fns                          - Undefined Weak Reference
    _clock_init                               - Undefined Weak Reference
    _fp_trap_init                             - Undefined Weak Reference
    _fp_trap_shutdown                         - Undefined Weak Reference
    _get_lc_collate                           - Undefined Weak Reference
    _get_lc_monetary                          - Undefined Weak Reference
    _get_lc_time                              - Undefined Weak Reference
    _getenv_init                              - Undefined Weak Reference
    _handle_redirection                       - Undefined Weak Reference
    _init_alloc                               - Undefined Weak Reference
    _init_user_alloc                          - Undefined Weak Reference
    _initio                                   - Undefined Weak Reference
    _printf_mbtowc                            - Undefined Weak Reference
    _printf_wc                                - Undefined Weak Reference
    _signal_finish                            - Undefined Weak Reference
    _signal_init                              - Undefined Weak Reference
    _terminate_alloc                          - Undefined Weak Reference
    _terminate_user_alloc                     - Undefined Weak Reference
    _terminateio                              - Undefined Weak Reference
    __Vectors_Size                           0x000001c4   Number         0  startup_stm32f446xx.o ABSOLUTE
    __Vectors                                0x08000000   Data           4  startup_stm32f446xx.o(RESET)
    __Vectors_End                            0x080001c4   Data           0  startup_stm32f446xx.o(RESET)
    __main                                   0x080001c5   Thumb Code     8  __main.o(!!!main)
    __scatterload                            0x080001cd   Thumb Code     0  __scatter.o(!!!scatter)
    __scatterload_rt2                        0x080001cd   Thumb Code    44  __scatter.o(!!!scatter)
    __scatterload_rt2_thumb_only             0x080001cd   Thumb Code     0  __scatter.o(!!!scatter)
    __scatterload_null                       0x080001db   Thumb Code     0  __scatter.o(!!!scatter)
    __scatterload_zeroinit                   0x08000201   Thumb Code    28  __scatter_zi.o(!!handler_zi)
    _printf_n                                0x0800021d   Thumb Code     0  _printf_n.o(.ARM.Collect$$_printf_percent$$00000001)
    _printf_percent                          0x0800021d   Thumb Code     0  _printf_percent.o(.ARM.Collect$$_printf_percent$$00000000)
    _printf_p                                0x08000223   Thumb Code     0  _printf_p.o(.ARM.Collect$$_printf_percent$$00000002)
    _printf_f                                0x08000229   Thumb Code     0  _printf_f.o(.ARM.Collect$$_printf_percent$$00000003)
    _printf_e                                0x0800022f   Thumb Code     0  _printf_e.o(.ARM.Collect$$_printf_percent$$00000004)
    _printf_g                                0x08000235   Thumb Code     0  _printf_g.o(.ARM.Collect$$_printf_percent$$00000005)
    _printf_a                                0x0800023b   Thumb Code     0  _printf_a.o(.ARM.Collect$$_printf_percent$$00000006)
    _printf_ll                               0x08000241   Thumb Code     0  _printf_ll.o(.ARM.Collect$$_printf_percent$$00000007)
    _printf_i                                0x0800024b   Thumb Code     0  _printf_i.o(.ARM.Collect$$_printf_percent$$00000008)
    _printf_d                                0x08000251   Thumb Code     0  _printf_d.o(.ARM.Collect$$_printf_percent$$00000009)
    _printf_u                                0x08000257   Thumb Code     0  _printf_u.o(.ARM.Collect$$_printf_percent$$0000000A)
    _printf_o                                0x0800025d   Thumb Code     0  _printf_o.o(.ARM.Collect$$_printf_percent$$0000000B)
    _printf_x                                0x08000263   Thumb Code     0  _printf_x.o(.ARM.Collect$$_printf_percent$$0000000C)
    _printf_lli                              0x08000269   Thumb Code     0  _printf_lli.o(.ARM.Collect$$_printf_percent$$0000000D)
    _printf_lld                              0x0800026f   Thumb Code     0  _printf_lld.o(.ARM.Collect$$_printf_percent$$0000000E)
    _printf_llu                              0x08000275   Thumb Code     0  _printf_llu.o(.ARM.Collect$$_printf_percent$$0000000F)
    _printf_llo                              0x0800027b   Thumb Code     0  _printf_llo.o(.ARM.Collect$$_printf_percent$$00000010)
    _printf_llx                              0x08000281   Thumb Code     0  _printf_llx.o(.ARM.Collect$$_printf_percent$$00000011)
    _printf_l                                0x08000287   Thumb Code     0  _printf_l.o(.ARM.Collect$$_printf_percent$$00000012)
    _printf_c                                0x08000291   Thumb Code     0  _printf_c.o(.ARM.Collect$$_printf_percent$$00000013)
    _printf_s                                0x08000297   Thumb Code     0  _printf_s.o(.ARM.Collect$$_printf_percent$$00000014)
    _printf_lc                               0x0800029d   Thumb Code     0  _printf_lc.o(.ARM.Collect$$_printf_percent$$00000015)
    _printf_ls                               0x080002a3   Thumb Code     0  _printf_ls.o(.ARM.Collect$$_printf_percent$$00000016)
    _printf_percent_end                      0x080002a9   Thumb Code     0  _printf_percent_end.o(.ARM.Collect$$_printf_percent$$00000017)
    __rt_lib_init                            0x080002ad   Thumb Code     0  libinit.o(.ARM.Collect$$libinit$$00000000)
    __rt_lib_init_fp_1                       0x080002af   Thumb Code     0  libinit2.o(.ARM.Collect$$libinit$$00000001)
    __rt_lib_init_heap_1                     0x080002b3   Thumb Code     0  libinit2.o(.ARM.Collect$$libinit$$0000000C)
    __rt_lib_init_preinit_1                  0x080002b3   Thumb Code     0  libinit2.o(.ARM.Collect$$libinit$$00000006)
    __rt_lib_init_rand_2                     0x080002b3   Thumb Code     0  libinit2.o(.ARM.Collect$$libinit$$0000000F)
    __rt_lib_init_relocate_pie_1             0x080002b3   Thumb Code     0  libinit2.o(.ARM.Collect$$libinit$$00000004)
    __rt_lib_init_user_alloc_1               0x080002b3   Thumb Code     0  libinit2.o(.ARM.Collect$$libinit$$0000000E)
    __rt_lib_init_lc_common                  0x080002b7   Thumb Code     0  libinit2.o(.ARM.Collect$$libinit$$00000011)
    __rt_lib_init_rand_1                     0x080002b7   Thumb Code     0  libinit2.o(.ARM.Collect$$libinit$$00000010)
    __rt_lib_init_lc_collate_1               0x080002bd   Thumb Code     0  libinit2.o(.ARM.Collect$$libinit$$00000013)
    __rt_lib_init_lc_ctype_2                 0x080002bd   Thumb Code     0  libinit2.o(.ARM.Collect$$libinit$$00000014)
    __rt_lib_init_lc_ctype_1                 0x080002c9   Thumb Code     0  libinit2.o(.ARM.Collect$$libinit$$00000015)
    __rt_lib_init_lc_monetary_1              0x080002c9   Thumb Code     0  libinit2.o(.ARM.Collect$$libinit$$00000017)
    __rt_lib_init_lc_numeric_2               0x080002c9   Thumb Code     0  libinit2.o(.ARM.Collect$$libinit$$00000018)
    __rt_lib_init_alloca_1                   0x080002d3   Thumb Code     0  libinit2.o(.ARM.Collect$$libinit$$00000030)
    __rt_lib_init_argv_1                     0x080002d3   Thumb Code     0  libinit2.o(.ARM.Collect$$libinit$$0000002E)
    __rt_lib_init_atexit_1                   0x080002d3   Thumb Code     0  libinit2.o(.ARM.Collect$$libinit$$0000001D)
    __rt_lib_init_clock_1                    0x080002d3   Thumb Code     0  libinit2.o(.ARM.Collect$$libinit$$00000023)
    __rt_lib_init_cpp_1                      0x080002d3   Thumb Code     0  libinit2.o(.ARM.Collect$$libinit$$00000034)
    __rt_lib_init_exceptions_1               0x080002d3   Thumb Code     0  libinit2.o(.ARM.Collect$$libinit$$00000032)
    __rt_lib_init_fp_trap_1                  0x080002d3   Thumb Code     0  libinit2.o(.ARM.Collect$$libinit$$00000021)
    __rt_lib_init_getenv_1                   0x080002d3   Thumb Code     0  libinit2.o(.ARM.Collect$$libinit$$00000025)
    __rt_lib_init_lc_numeric_1               0x080002d3   Thumb Code     0  libinit2.o(.ARM.Collect$$libinit$$00000019)
    __rt_lib_init_lc_time_1                  0x080002d3   Thumb Code     0  libinit2.o(.ARM.Collect$$libinit$$0000001B)
    __rt_lib_init_return                     0x080002d3   Thumb Code     0  libinit2.o(.ARM.Collect$$libinit$$00000035)
    __rt_lib_init_signal_1                   0x080002d3   Thumb Code     0  libinit2.o(.ARM.Collect$$libinit$$0000001F)
    __rt_lib_init_stdio_1                    0x080002d3   Thumb Code     0  libinit2.o(.ARM.Collect$$libinit$$00000027)
    __rt_lib_shutdown                        0x080002d5   Thumb Code     0  libshutdown.o(.ARM.Collect$$libshutdown$$00000000)
    __rt_lib_shutdown_cpp_1                  0x080002d7   Thumb Code     0  libshutdown2.o(.ARM.Collect$$libshutdown$$00000002)
    __rt_lib_shutdown_fp_trap_1              0x080002d7   Thumb Code     0  libshutdown2.o(.ARM.Collect$$libshutdown$$00000007)
    __rt_lib_shutdown_heap_1                 0x080002d7   Thumb Code     0  libshutdown2.o(.ARM.Collect$$libshutdown$$0000000F)
    __rt_lib_shutdown_return                 0x080002d7   Thumb Code     0  libshutdown2.o(.ARM.Collect$$libshutdown$$00000010)
    __rt_lib_shutdown_signal_1               0x080002d7   Thumb Code     0  libshutdown2.o(.ARM.Collect$$libshutdown$$0000000A)
    __rt_lib_shutdown_stdio_1                0x080002d7   Thumb Code     0  libshutdown2.o(.ARM.Collect$$libshutdown$$00000004)
    __rt_lib_shutdown_user_alloc_1           0x080002d7   Thumb Code     0  libshutdown2.o(.ARM.Collect$$libshutdown$$0000000C)
    __rt_entry                               0x080002d9   Thumb Code     0  __rtentry.o(.ARM.Collect$$rtentry$$00000000)
    __rt_entry_presh_1                       0x080002d9   Thumb Code     0  __rtentry2.o(.ARM.Collect$$rtentry$$00000002)
    __rt_entry_sh                            0x080002d9   Thumb Code     0  __rtentry4.o(.ARM.Collect$$rtentry$$00000004)
    __rt_entry_li                            0x080002df   Thumb Code     0  __rtentry2.o(.ARM.Collect$$rtentry$$0000000A)
    __rt_entry_postsh_1                      0x080002df   Thumb Code     0  __rtentry2.o(.ARM.Collect$$rtentry$$00000009)
    __rt_entry_main                          0x080002e3   Thumb Code     0  __rtentry2.o(.ARM.Collect$$rtentry$$0000000D)
    __rt_entry_postli_1                      0x080002e3   Thumb Code     0  __rtentry2.o(.ARM.Collect$$rtentry$$0000000C)
    __rt_exit                                0x080002eb   Thumb Code     0  rtexit.o(.ARM.Collect$$rtexit$$00000000)
    __rt_exit_ls                             0x080002ed   Thumb Code     0  rtexit2.o(.ARM.Collect$$rtexit$$00000003)
    __rt_exit_prels_1                        0x080002ed   Thumb Code     0  rtexit2.o(.ARM.Collect$$rtexit$$00000002)
    __rt_exit_exit                           0x080002f1   Thumb Code     0  rtexit2.o(.ARM.Collect$$rtexit$$00000004)
    rand                                     0x080002f9   Thumb Code    48  rand.o(.emb_text)
    Reset_Handler                            0x0800032d   Thumb Code     8  startup_stm32f446xx.o(.text)
    NMI_Handler                              0x08000335   Thumb Code     2  startup_stm32f446xx.o(.text)
    HardFault_Handler                        0x08000337   Thumb Code     2  startup_stm32f446xx.o(.text)
    MemManage_Handler                        0x08000339   Thumb Code     2  startup_stm32f446xx.o(.text)
    BusFault_Handler                         0x0800033b   Thumb Code     2  startup_stm32f446xx.o(.text)
    UsageFault_Handler                       0x0800033d   Thumb Code     2  startup_stm32f446xx.o(.text)
    SVC_Handler                              0x0800033f   Thumb Code     2  startup_stm32f446xx.o(.text)
    DebugMon_Handler                         0x08000341   Thumb Code     2  startup_stm32f446xx.o(.text)
    PendSV_Handler                           0x08000343   Thumb Code     2  startup_stm32f446xx.o(.text)
    ADC_IRQHandler                           0x08000347   Thumb Code     0  startup_stm32f446xx.o(.text)
    CAN1_RX0_IRQHandler                      0x08000347   Thumb Code     0  startup_stm32f446xx.o(.text)
    CAN1_RX1_IRQHandler                      0x08000347   Thumb Code     0  startup_stm32f446xx.o(.text)
    CAN1_SCE_IRQHandler                      0x08000347   Thumb Code     0  startup_stm32f446xx.o(.text)
    CAN1_TX_IRQHandler                       0x08000347   Thumb Code     0  startup_stm32f446xx.o(.text)
    CAN2_RX0_IRQHandler                      0x08000347   Thumb Code     0  startup_stm32f446xx.o(.text)
    CAN2_RX1_IRQHandler                      0x08000347   Thumb Code     0  startup_stm32f446xx.o(.text)
    CAN2_SCE_IRQHandler                      0x08000347   Thumb Code     0  startup_stm32f446xx.o(.text)
    CAN2_TX_IRQHandler                       0x08000347   Thumb Code     0  startup_stm32f446xx.o(.text)
    CEC_IRQHandler                           0x08000347   Thumb Code     0  startup_stm32f446xx.o(.text)
    DCMI_IRQHandler                          0x08000347   Thumb Code     0  startup_stm32f446xx.o(.text)
    DMA1_Stream0_IRQHandler                  0x08000347   Thumb Code     0  startup_stm32f446xx.o(.text)
    DMA1_Stream1_IRQHandler                  0x08000347   Thumb Code     0  startup_stm32f446xx.o(.text)
    DMA1_Stream2_IRQHandler                  0x08000347   Thumb Code     0  startup_stm32f446xx.o(.text)
    DMA1_Stream3_IRQHandler                  0x08000347   Thumb Code     0  startup_stm32f446xx.o(.text)
    DMA1_Stream4_IRQHandler                  0x08000347   Thumb Code     0  startup_stm32f446xx.o(.text)
    DMA1_Stream5_IRQHandler                  0x08000347   Thumb Code     0  startup_stm32f446xx.o(.text)
    DMA1_Stream6_IRQHandler                  0x08000347   Thumb Code     0  startup_stm32f446xx.o(.text)
    DMA1_Stream7_IRQHandler                  0x08000347   Thumb Code     0  startup_stm32f446xx.o(.text)
    DMA2_Stream0_IRQHandler                  0x08000347   Thumb Code     0  startup_stm32f446xx.o(.text)
    DMA2_Stream1_IRQHandler                  0x08000347   Thumb Code     0  startup_stm32f446xx.o(.text)
    DMA2_Stream2_IRQHandler                  0x08000347   Thumb Code     0  startup_stm32f446xx.o(.text)
    DMA2_Stream3_IRQHandler                  0x08000347   Thumb Code     0  startup_stm32f446xx.o(.text)
    DMA2_Stream4_IRQHandler                  0x08000347   Thumb Code     0  startup_stm32f446xx.o(.text)
    DMA2_Stream5_IRQHandler                  0x08000347   Thumb Code     0  startup_stm32f446xx.o(.text)
    DMA2_Stream6_IRQHandler                  0x08000347   Thumb Code     0  startup_stm32f446xx.o(.text)
    DMA2_Stream7_IRQHandler                  0x08000347   Thumb Code     0  startup_stm32f446xx.o(.text)
    EXTI0_IRQHandler                         0x08000347   Thumb Code     0  startup_stm32f446xx.o(.text)
    EXTI15_10_IRQHandler                     0x08000347   Thumb Code     0  startup_stm32f446xx.o(.text)
    EXTI1_IRQHandler                         0x08000347   Thumb Code     0  startup_stm32f446xx.o(.text)
    EXTI2_IRQHandler                         0x08000347   Thumb Code     0  startup_stm32f446xx.o(.text)
    EXTI3_IRQHandler                         0x08000347   Thumb Code     0  startup_stm32f446xx.o(.text)
    EXTI4_IRQHandler                         0x08000347   Thumb Code     0  startup_stm32f446xx.o(.text)
    EXTI9_5_IRQHandler                       0x08000347   Thumb Code     0  startup_stm32f446xx.o(.text)
    FLASH_IRQHandler                         0x08000347   Thumb Code     0  startup_stm32f446xx.o(.text)
    FMC_IRQHandler                           0x08000347   Thumb Code     0  startup_stm32f446xx.o(.text)
    FMPI2C1_ER_IRQHandler                    0x08000347   Thumb Code     0  startup_stm32f446xx.o(.text)
    FMPI2C1_EV_IRQHandler                    0x08000347   Thumb Code     0  startup_stm32f446xx.o(.text)
    FPU_IRQHandler                           0x08000347   Thumb Code     0  startup_stm32f446xx.o(.text)
    I2C1_ER_IRQHandler                       0x08000347   Thumb Code     0  startup_stm32f446xx.o(.text)
    I2C1_EV_IRQHandler                       0x08000347   Thumb Code     0  startup_stm32f446xx.o(.text)
    I2C2_ER_IRQHandler                       0x08000347   Thumb Code     0  startup_stm32f446xx.o(.text)
    I2C2_EV_IRQHandler                       0x08000347   Thumb Code     0  startup_stm32f446xx.o(.text)
    I2C3_ER_IRQHandler                       0x08000347   Thumb Code     0  startup_stm32f446xx.o(.text)
    I2C3_EV_IRQHandler                       0x08000347   Thumb Code     0  startup_stm32f446xx.o(.text)
    OTG_FS_IRQHandler                        0x08000347   Thumb Code     0  startup_stm32f446xx.o(.text)
    OTG_FS_WKUP_IRQHandler                   0x08000347   Thumb Code     0  startup_stm32f446xx.o(.text)
    OTG_HS_EP1_IN_IRQHandler                 0x08000347   Thumb Code     0  startup_stm32f446xx.o(.text)
    OTG_HS_EP1_OUT_IRQHandler                0x08000347   Thumb Code     0  startup_stm32f446xx.o(.text)
    OTG_HS_IRQHandler                        0x08000347   Thumb Code     0  startup_stm32f446xx.o(.text)
    OTG_HS_WKUP_IRQHandler                   0x08000347   Thumb Code     0  startup_stm32f446xx.o(.text)
    PVD_IRQHandler                           0x08000347   Thumb Code     0  startup_stm32f446xx.o(.text)
    QUADSPI_IRQHandler                       0x08000347   Thumb Code     0  startup_stm32f446xx.o(.text)
    RCC_IRQHandler                           0x08000347   Thumb Code     0  startup_stm32f446xx.o(.text)
    RTC_Alarm_IRQHandler                     0x08000347   Thumb Code     0  startup_stm32f446xx.o(.text)
    RTC_WKUP_IRQHandler                      0x08000347   Thumb Code     0  startup_stm32f446xx.o(.text)
    SAI1_IRQHandler                          0x08000347   Thumb Code     0  startup_stm32f446xx.o(.text)
    SAI2_IRQHandler                          0x08000347   Thumb Code     0  startup_stm32f446xx.o(.text)
    SDIO_IRQHandler                          0x08000347   Thumb Code     0  startup_stm32f446xx.o(.text)
    SPDIF_RX_IRQHandler                      0x08000347   Thumb Code     0  startup_stm32f446xx.o(.text)
    SPI1_IRQHandler                          0x08000347   Thumb Code     0  startup_stm32f446xx.o(.text)
    SPI2_IRQHandler                          0x08000347   Thumb Code     0  startup_stm32f446xx.o(.text)
    SPI3_IRQHandler                          0x08000347   Thumb Code     0  startup_stm32f446xx.o(.text)
    SPI4_IRQHandler                          0x08000347   Thumb Code     0  startup_stm32f446xx.o(.text)
    TAMP_STAMP_IRQHandler                    0x08000347   Thumb Code     0  startup_stm32f446xx.o(.text)
    TIM1_BRK_TIM9_IRQHandler                 0x08000347   Thumb Code     0  startup_stm32f446xx.o(.text)
    TIM1_CC_IRQHandler                       0x08000347   Thumb Code     0  startup_stm32f446xx.o(.text)
    TIM1_TRG_COM_TIM11_IRQHandler            0x08000347   Thumb Code     0  startup_stm32f446xx.o(.text)
    TIM1_UP_TIM10_IRQHandler                 0x08000347   Thumb Code     0  startup_stm32f446xx.o(.text)
    TIM2_IRQHandler                          0x08000347   Thumb Code     0  startup_stm32f446xx.o(.text)
    TIM3_IRQHandler                          0x08000347   Thumb Code     0  startup_stm32f446xx.o(.text)
    TIM4_IRQHandler                          0x08000347   Thumb Code     0  startup_stm32f446xx.o(.text)
    TIM5_IRQHandler                          0x08000347   Thumb Code     0  startup_stm32f446xx.o(.text)
    TIM7_IRQHandler                          0x08000347   Thumb Code     0  startup_stm32f446xx.o(.text)
    TIM8_BRK_TIM12_IRQHandler                0x08000347   Thumb Code     0  startup_stm32f446xx.o(.text)
    TIM8_CC_IRQHandler                       0x08000347   Thumb Code     0  startup_stm32f446xx.o(.text)
    TIM8_TRG_COM_TIM14_IRQHandler            0x08000347   Thumb Code     0  startup_stm32f446xx.o(.text)
    TIM8_UP_TIM13_IRQHandler                 0x08000347   Thumb Code     0  startup_stm32f446xx.o(.text)
    UART4_IRQHandler                         0x08000347   Thumb Code     0  startup_stm32f446xx.o(.text)
    UART5_IRQHandler                         0x08000347   Thumb Code     0  startup_stm32f446xx.o(.text)
    USART3_IRQHandler                        0x08000347   Thumb Code     0  startup_stm32f446xx.o(.text)
    WWDG_IRQHandler                          0x08000347   Thumb Code     0  startup_stm32f446xx.o(.text)
    __user_initial_stackheap                 0x08000349   Thumb Code     0  startup_stm32f446xx.o(.text)
    sprintf                                  0x0800036d   Thumb Code    38  sprintf.o(.text)
    sscanf                                   0x08000399   Thumb Code    52  sscanf.o(.text)
    srand                                    0x080003d5   Thumb Code    42  rand.o(.text)
    _rand_init                               0x080003ff   Thumb Code     4  rand.o(.text)
    strcpy                                   0x08000411   Thumb Code    72  strcpy.o(.text)
    strlen                                   0x08000459   Thumb Code    62  strlen.o(.text)
    strcat                                   0x08000497   Thumb Code    24  strcat.o(.text)
    __aeabi_memcpy                           0x080004af   Thumb Code     0  rt_memcpy_v6.o(.text)
    __rt_memcpy                              0x080004af   Thumb Code   138  rt_memcpy_v6.o(.text)
    _memcpy_lastbytes                        0x08000515   Thumb Code     0  rt_memcpy_v6.o(.text)
    __aeabi_memclr4                          0x08000539   Thumb Code     0  rt_memclr_w.o(.text)
    __aeabi_memclr8                          0x08000539   Thumb Code     0  rt_memclr_w.o(.text)
    __rt_memclr_w                            0x08000539   Thumb Code     0  rt_memclr_w.o(.text)
    _memset_w                                0x0800053d   Thumb Code    74  rt_memclr_w.o(.text)
    __use_two_region_memory                  0x08000587   Thumb Code     2  heapauxi.o(.text)
    __rt_heap_escrow$2region                 0x08000589   Thumb Code     2  heapauxi.o(.text)
    __rt_heap_expand$2region                 0x0800058b   Thumb Code     2  heapauxi.o(.text)
    _printf_pre_padding                      0x0800058d   Thumb Code    44  _printf_pad.o(.text)
    _printf_post_padding                     0x080005b9   Thumb Code    34  _printf_pad.o(.text)
    _printf_truncate_signed                  0x080005db   Thumb Code    18  _printf_truncate.o(.text)
    _printf_truncate_unsigned                0x080005ed   Thumb Code    18  _printf_truncate.o(.text)
    _printf_str                              0x080005ff   Thumb Code    82  _printf_str.o(.text)
    _printf_int_dec                          0x08000651   Thumb Code   104  _printf_dec.o(.text)
    _printf_charcount                        0x080006c9   Thumb Code    40  _printf_charcount.o(.text)
    _printf_char_common                      0x080006fb   Thumb Code    32  _printf_char_common.o(.text)
    _sputc                                   0x08000721   Thumb Code    10  _sputc.o(.text)
    _printf_wctomb                           0x0800072d   Thumb Code   182  _printf_wctomb.o(.text)
    _printf_longlong_dec                     0x080007e9   Thumb Code   108  _printf_longlong_dec.o(.text)
    _printf_longlong_oct                     0x08000865   Thumb Code    68  _printf_oct_int_ll.o(.text)
    _printf_int_oct                          0x080008a9   Thumb Code    24  _printf_oct_int_ll.o(.text)
    _printf_ll_oct                           0x080008c1   Thumb Code    12  _printf_oct_int_ll.o(.text)
    _printf_longlong_hex                     0x080008d5   Thumb Code    86  _printf_hex_int_ll_ptr.o(.text)
    _printf_int_hex                          0x0800092b   Thumb Code    28  _printf_hex_int_ll_ptr.o(.text)
    _printf_ll_hex                           0x08000947   Thumb Code    12  _printf_hex_int_ll_ptr.o(.text)
    _printf_hex_ptr                          0x08000953   Thumb Code    18  _printf_hex_int_ll_ptr.o(.text)
    __printf                                 0x08000969   Thumb Code   388  __printf_flags_ss_wp.o(.text)
    _scanf_longlong                          0x08000af1   Thumb Code   342  _scanf_longlong.o(.text)
    _scanf_int                               0x08000c47   Thumb Code   332  _scanf_int.o(.text)
    _scanf_string                            0x08000d93   Thumb Code   224  _scanf_str.o(.text)
    __vfscanf_char                           0x08000e81   Thumb Code    24  scanf_char.o(.text)
    _sgetc                                   0x08000ea1   Thumb Code    30  _sgetc.o(.text)
    _sbackspace                              0x08000ebf   Thumb Code    34  _sgetc.o(.text)
    _scanf_mbtowc                            0x08000ee1   Thumb Code   276  _scanf_mbtowc.o(.text)
    _scanf_wctomb                            0x08000ff5   Thumb Code   232  _scanf_wctomb.o(.text)
    _scanf_wstring                           0x080010dd   Thumb Code   208  _scanf_wstr.o(.text)
    __aeabi_memcpy4                          0x080011ad   Thumb Code     0  rt_memcpy_w.o(.text)
    __aeabi_memcpy8                          0x080011ad   Thumb Code     0  rt_memcpy_w.o(.text)
    __rt_memcpy_w                            0x080011ad   Thumb Code   100  rt_memcpy_w.o(.text)
    _memcpy_lastbytes_aligned                0x080011f5   Thumb Code     0  rt_memcpy_w.o(.text)
    _ll_udiv10                               0x08001211   Thumb Code   138  lludiv10.o(.text)
    isspace                                  0x0800129b   Thumb Code    18  isspace.o(.text)
    _printf_int_common                       0x080012ad   Thumb Code   178  _printf_intcommon.o(.text)
    _printf_fp_dec_real                      0x0800150f   Thumb Code   620  _printf_fp_dec.o(.text)
    _printf_fp_hex_real                      0x0800177d   Thumb Code   756  _printf_fp_hex.o(.text)
    _printf_cs_common                        0x08001a79   Thumb Code    20  _printf_char.o(.text)
    _printf_char                             0x08001a8d   Thumb Code    16  _printf_char.o(.text)
    _printf_string                           0x08001a9d   Thumb Code     8  _printf_char.o(.text)
    _printf_lcs_common                       0x08001aa5   Thumb Code    20  _printf_wchar.o(.text)
    _printf_wchar                            0x08001ab9   Thumb Code    16  _printf_wchar.o(.text)
    _printf_wstring                          0x08001ac9   Thumb Code     8  _printf_wchar.o(.text)
    _chval                                   0x08001ad1   Thumb Code    28  _chval.o(.text)
    __vfscanf                                0x08001aed   Thumb Code   878  _scanf.o(.text)
    _scanf_really_real                       0x080020ad   Thumb Code   684  scanf_fp.o(.text)
    _scanf_wcharmap                          0x08002359   Thumb Code    30  _scanf_wcharmap.o(.text)
    _mbrtoc16                                0x08002377   Thumb Code    64  _mbrtoc16.o(.text)
    _mbrtowc                                 0x08002377   Thumb Code     0  _mbrtoc16.o(.text)
    _c16rtomb                                0x080023b7   Thumb Code    72  _c16rtomb.o(.text)
    _wcrtomb                                 0x080023b7   Thumb Code     0  _c16rtomb.o(.text)
    __user_setup_stackheap                   0x080023ff   Thumb Code    74  sys_stackheap_outer.o(.text)
    __rt_ctype_table                         0x08002449   Thumb Code    16  rt_ctype_table.o(.text)
    __rt_locale                              0x08002459   Thumb Code     8  rt_locale_intlibspace.o(.text)
    __aeabi_errno_addr                       0x08002461   Thumb Code     8  rt_errno_addr_intlibspace.o(.text)
    __errno$intlibspace                      0x08002461   Thumb Code     0  rt_errno_addr_intlibspace.o(.text)
    __rt_errno_addr$intlibspace              0x08002461   Thumb Code     0  rt_errno_addr_intlibspace.o(.text)
    __aeabi_llsl                             0x08002469   Thumb Code     0  llshl.o(.text)
    _ll_shift_l                              0x08002469   Thumb Code    38  llshl.o(.text)
    _printf_fp_infnan                        0x08002491   Thumb Code   112  _printf_fp_infnan.o(.text)
    _btod_etento                             0x08002511   Thumb Code   224  bigflt0.o(.text)
    exit                                     0x080025f5   Thumb Code    18  exit.o(.text)
    __user_libspace                          0x08002609   Thumb Code     8  libspace.o(.text)
    __user_perproc_libspace                  0x08002609   Thumb Code     0  libspace.o(.text)
    __user_perthread_libspace                0x08002609   Thumb Code     0  libspace.o(.text)
    __read_errno                             0x08002611   Thumb Code    10  _rserrno.o(.text)
    __set_errno                              0x0800261b   Thumb Code    12  _rserrno.o(.text)
    _scanf_really_hex_real                   0x08002629   Thumb Code   786  scanf_hexfp.o(.text)
    _scanf_really_infnan                     0x08002949   Thumb Code   292  scanf_infnan.o(.text)
    strcmp                                   0x08002a81   Thumb Code   124  strcmpv7em.o(.text)
    __I$use$semihosting                      0x08002afd   Thumb Code     0  use_no_semi.o(.text)
    __use_no_semihosting_swi                 0x08002afd   Thumb Code     2  use_no_semi.o(.text)
    __semihosting_library_function           0x08002aff   Thumb Code     0  indicate_semi.o(.text)
    _sys_exit                                0x08002b01   Thumb Code     8  sys_exit.o(.text)
    GPIO_Init                                0x08002b0d   Thumb Code   280  gpio.o(.text.GPIO_Init)
    GPIO_WritePin                            0x08002c25   Thumb Code    68  gpio.o(.text.GPIO_WritePin)
    SysTick_Handler                          0x08002cbd   Thumb Code    16  sys_init.o(.text.SysTick_Handler)
    SystemInit                               0x08002ccd   Thumb Code    18  system_stm32f4xx.o(.text.SystemInit)
    TIM6_Config                              0x08002ce1   Thumb Code    86  timer.o(.text.TIM6_Config)
    TIM6_DAC_IRQHandler                      0x08002d39   Thumb Code    86  timer.o(.text.TIM6_DAC_IRQHandler)
    UART1_Config                             0x08002d91   Thumb Code   184  usart.o(.text.UART1_Config)
    UART2_Config                             0x08002e49   Thumb Code   178  usart.o(.text.UART2_Config)
    UART6_Config                             0x08002efd   Thumb Code   184  usart.o(.text.UART6_Config)
    UART_SendChar                            0x08002fb5   Thumb Code    36  usart.o(.text.UART_SendChar)
    UART_SendString                          0x08002fd9   Thumb Code    48  usart.o(.text.UART_SendString)
    USART1_IRQHandler                        0x08003009   Thumb Code   194  interrupthandler.o(.text.USART1_IRQHandler)
    USART2_IRQHandler                        0x080030cd   Thumb Code   266  interrupthandler.o(.text.USART2_IRQHandler)
    USART6_IRQHandler                        0x080031d9   Thumb Code   194  interrupthandler.o(.text.USART6_IRQHandler)
    configuration                            0x08003341   Thumb Code   588  interrupthandler.o(.text.configuration)
    control_to_light                         0x0800358d   Thumb Code   216  interrupthandler.o(.text.control_to_light)
    create_read1                             0x08003665   Thumb Code    74  interrupthandler.o(.text.create_read1)
    create_read2                             0x080036b1   Thumb Code    74  interrupthandler.o(.text.create_read2)
    get_val                                  0x080036fd   Thumb Code    46  timer.o(.text.get_val)
    get_value                                0x0800372d   Thumb Code    46  code.o(.text.get_value)
    initClock                                0x0800375d   Thumb Code   214  clock.o(.text.initClock)
    int_to_str                               0x08003835   Thumb Code    56  interrupthandler.o(.text.int_to_str)
    light_to_control                         0x0800386d   Thumb Code   232  interrupthandler.o(.text.light_to_control)
    main                                     0x08003955   Thumb Code   604  code.o(.text.main)
    monitor_cong                             0x08003bb1   Thumb Code   160  timer.o(.text.monitor_cong)
    monitor_signal                           0x08003c51   Thumb Code   400  timer.o(.text.monitor_signal)
    ms_delay                                 0x08003de1   Thumb Code    48  sys_init.o(.text.ms_delay)
    parse_string                             0x08003e11   Thumb Code   244  interrupthandler.o(.text.parse_string)
    pin_stat                                 0x08003f05   Thumb Code    26  timer.o(.text.pin_stat)
    pin_status                               0x08003f21   Thumb Code    26  code.o(.text.pin_status)
    print_monitor                            0x08003f3d   Thumb Code   268  timer.o(.text.print_monitor)
    reset_led                                0x08004049   Thumb Code   134  code.o(.text.reset_led)
    sysInit                                  0x080040d1   Thumb Code    16  sys_init.o(.text.sysInit)
    traffic_LR_go                            0x080040e1   Thumb Code    80  code.o(.text.traffic_LR_go)
    traffic_LR_stop                          0x08004131   Thumb Code    82  code.o(.text.traffic_LR_stop)
    traffic_UD_go                            0x08004185   Thumb Code    78  code.o(.text.traffic_UD_go)
    traffic_UD_stop                          0x080041d5   Thumb Code    80  code.o(.text.traffic_UD_stop)
    traffic_cnt                              0x08004225   Thumb Code   226  code.o(.text.traffic_cnt)
    traffic_indicator                        0x08004309   Thumb Code   124  code.o(.text.traffic_indicator)
    traffic_move                             0x08004385   Thumb Code   526  code.o(.text.traffic_move)
    traffic_update                           0x08004595   Thumb Code    76  code.o(.text.traffic_update)
    update_signal                            0x080045e1   Thumb Code    66  code.o(.text.update_signal)
    write_to_inp_buffer                      0x08004625   Thumb Code   116  interrupthandler.o(.text.write_to_inp_buffer)
    _btod_d2e                                0x08004699   Thumb Code    62  btod.o(CL$$btod_d2e)
    _d2e_denorm_low                          0x080046d7   Thumb Code    70  btod.o(CL$$btod_d2e_denorm_low)
    _d2e_norm_op1                            0x0800471d   Thumb Code    96  btod.o(CL$$btod_d2e_norm_op1)
    __btod_div_common                        0x0800477d   Thumb Code   696  btod.o(CL$$btod_div_common)
    _e2d                                     0x08004ab5   Thumb Code   122  btod.o(CL$$btod_e2d)
    _e2e                                     0x08004b39   Thumb Code   220  btod.o(CL$$btod_e2e)
    _btod_ediv                               0x08004c15   Thumb Code    42  btod.o(CL$$btod_ediv)
    _btod_edivd                              0x08004c3f   Thumb Code    42  btod.o(CL$$btod_edivd)
    _btod_emul                               0x08004c69   Thumb Code    42  btod.o(CL$$btod_emul)
    _btod_emuld                              0x08004c93   Thumb Code    42  btod.o(CL$$btod_emuld)
    __btod_mult_common                       0x08004cbd   Thumb Code   580  btod.o(CL$$btod_mult_common)
    __ARM_fpclassify                         0x08004f01   Thumb Code    48  fpclassify.o(i.__ARM_fpclassify)
    __hardfp___mathlib_tofloat               0x08004f31   Thumb Code   232  narrow.o(i.__hardfp___mathlib_tofloat)
    __hardfp_ldexp                           0x08005029   Thumb Code   200  ldexp.o(i.__hardfp_ldexp)
    __mathlib_dbl_overflow                   0x080050f9   Thumb Code    24  dunder.o(i.__mathlib_dbl_overflow)
    __mathlib_dbl_underflow                  0x08005119   Thumb Code    24  dunder.o(i.__mathlib_dbl_underflow)
    __mathlib_narrow                         0x08005139   Thumb Code    18  narrow.o(i.__mathlib_narrow)
    __support_ldexp                          0x0800514b   Thumb Code    20  ldexp.o(i.__support_ldexp)
    _is_digit                                0x0800515f   Thumb Code    14  __printf_wp.o(i._is_digit)
    frexp                                    0x08005171   Thumb Code   118  frexp.o(i.frexp)
    _get_lc_numeric                          0x080051fd   Thumb Code    44  lc_numeric_c.o(locale$$code)
    _get_lc_ctype                            0x08005229   Thumb Code    44  lc_ctype_c.o(locale$$code)
    __aeabi_d2f                              0x08005255   Thumb Code     0  d2f.o(x$fpl$d2f)
    _d2f                                     0x08005255   Thumb Code    98  d2f.o(x$fpl$d2f)
    __fpl_dcheck_NaN1                        0x080052b9   Thumb Code    10  dcheck1.o(x$fpl$dcheck1)
    __fpl_dcmp_Inf                           0x080052c9   Thumb Code    24  dcmpi.o(x$fpl$dcmpinf)
    __aeabi_cdcmpeq                          0x080052e1   Thumb Code     0  deqf.o(x$fpl$deqf)
    _dcmpeq                                  0x080052e1   Thumb Code   120  deqf.o(x$fpl$deqf)
    __aeabi_cdcmple                          0x08005359   Thumb Code     0  dleqf.o(x$fpl$dleqf)
    _dcmple                                  0x08005359   Thumb Code   120  dleqf.o(x$fpl$dleqf)
    __fpl_dcmple_InfNaN                      0x080053bb   Thumb Code     0  dleqf.o(x$fpl$dleqf)
    __aeabi_dmul                             0x080053d1   Thumb Code     0  dmul.o(x$fpl$dmul)
    _dmul                                    0x080053d1   Thumb Code   332  dmul.o(x$fpl$dmul)
    __fpl_dnaninf                            0x08005525   Thumb Code   156  dnaninf.o(x$fpl$dnaninf)
    __fpl_dretinf                            0x080055c1   Thumb Code    12  dretinf.o(x$fpl$dretinf)
    __aeabi_cdrcmple                         0x080055cd   Thumb Code     0  drleqf.o(x$fpl$drleqf)
    _drcmple                                 0x080055cd   Thumb Code   108  drleqf.o(x$fpl$drleqf)
    _fp_init                                 0x08005639   Thumb Code    26  fpinit.o(x$fpl$fpinit)
    __fplib_config_fpu_vfp                   0x08005651   Thumb Code     0  fpinit.o(x$fpl$fpinit)
    __fplib_config_pureend_doubles           0x08005651   Thumb Code     0  fpinit.o(x$fpl$fpinit)
    __fpl_fretinf                            0x08005653   Thumb Code    10  fretinf.o(x$fpl$fretinf)
    __ieee_status                            0x0800565d   Thumb Code     6  istatus.o(x$fpl$ieeestatus)
    _printf_fp_dec                           0x08005663   Thumb Code     4  printf1.o(x$fpl$printf1)
    _printf_fp_hex                           0x08005667   Thumb Code     4  printf2.o(x$fpl$printf2)
    __fpl_return_NaN                         0x0800566b   Thumb Code   100  retnan.o(x$fpl$retnan)
    __ARM_scalbn                             0x080056cf   Thumb Code    92  scalbn.o(x$fpl$scalbn)
    _scanf_real                              0x0800572b   Thumb Code     4  scanf1.o(x$fpl$scanf1)
    _scanf_hex_real                          0x0800572f   Thumb Code     4  scanf2.o(x$fpl$scanf2)
    _scanf_infnan                            0x08005733   Thumb Code     4  scanf2.o(x$fpl$scanf2)
    __fpl_cmpreturn                          0x08005737   Thumb Code    48  trapv.o(x$fpl$trapveneer)
    __I$use$fp                               0x08005766   Number         0  usenofp.o(x$fpl$usenofp)
    Region$$Table$$Base                      0x08005b98   Number         0  anon$$obj.o(Region$$Table)
    Region$$Table$$Limit                     0x08005ba8   Number         0  anon$$obj.o(Region$$Table)
    __aeabi_HUGE_VAL                         0x08005ba8   Data           0  fpconst.o(c$$dinf)
    __aeabi_HUGE_VALL                        0x08005ba8   Data           0  fpconst.o(c$$dinf)
    __aeabi_INFINITY                         0x08005ba8   Data           0  fpconst.o(c$$dinf)
    __dInf                                   0x08005ba8   Data           0  fpconst.o(c$$dinf)
    __huge_val                               0x08005ba8   Data           0  fpconst.o(c$$dinf)
    __dbl_max                                0x08005bb0   Data           0  fpconst.o(c$$dmax)
    __ctype                                  0x08005be1   Data           0  lc_ctype_c.o(locale$$data)
    _random_number_data                      0x20000000   Data         228  rand.o(.bss)
    __libspace_start                         0x200000e4   Data          96  libspace.o(.bss)
    LR                                       0x20000144   Data           2  code.o(.bss.LR)
    __temporary_stack_top$libspace           0x20000144   Data           0  libspace.o(.bss)
    LR_Green_to_Yellow                       0x20000148   Data           4  code.o(.bss.LR_Green_to_Yellow)
    LR_Red_to_Green                          0x2000014c   Data           4  code.o(.bss.LR_Red_to_Green)
    LR_Yellow_to_Red                         0x20000150   Data           4  code.o(.bss.LR_Yellow_to_Red)
    LR_extra_time                            0x20000154   Data           4  code.o(.bss.LR_extra_time)
    UD                                       0x20000158   Data           2  code.o(.bss.UD)
    UD_Green_to_Yellow                       0x2000015c   Data           4  code.o(.bss.UD_Green_to_Yellow)
    UD_Red_to_Green                          0x20000160   Data           4  code.o(.bss.UD_Red_to_Green)
    UD_Yellow_to_Red                         0x20000164   Data           4  code.o(.bss.UD_Yellow_to_Red)
    UD_extra_time                            0x20000168   Data           4  code.o(.bss.UD_extra_time)
    con_buffer_in                            0x2000016c   Data         500  code.o(.bss.con_buffer_in)
    con_buffer_outp                          0x20000360   Data         500  code.o(.bss.con_buffer_outp)
    con_flag                                 0x20000554   Data           4  code.o(.bss.con_flag)
    con_in                                   0x20000558   Data           4  code.o(.bss.con_in)
    con_out                                  0x2000055c   Data           4  code.o(.bss.con_out)
    counter                                  0x20000560   Data           4  timer.o(.bss.counter)
    in                                       0x2000058c   Data           4  code.o(.bss.in)
    in_buffer                                0x20000590   Data         500  code.o(.bss.in_buffer)
    out                                      0x20000788   Data           4  code.o(.bss.out)
    out_buffer                               0x2000078c   Data         500  code.o(.bss.out_buffer)
    prev2                                    0x20000980   Data         500  timer.o(.bss.prev2)
    prev3                                    0x20000b74   Data         500  timer.o(.bss.prev3)
    sen                                      0x20000d68   Data        1000  timer.o(.bss.sen)
    tim1                                     0x20001150   Data         500  timer.o(.bss.tim1)
    tim2                                     0x20001344   Data         500  timer.o(.bss.tim2)
    tim3                                     0x20001538   Data         500  timer.o(.bss.tim3)
    tim4                                     0x2000172c   Data         500  timer.o(.bss.tim4)
    tim_flag                                 0x20001920   Data           4  code.o(.bss.tim_flag)
    tmp1                                     0x20001924   Data         500  timer.o(.bss.tmp1)
    tmp2                                     0x20001b18   Data         500  timer.o(.bss.tmp2)
    tmp3                                     0x20001d0c   Data         500  timer.o(.bss.tmp3)
    tmp4                                     0x20001f00   Data         500  timer.o(.bss.tmp4)
    trafficD                                 0x200020f4   Data           2  code.o(.bss.trafficD)
    trafficL                                 0x200020f6   Data           2  code.o(.bss.trafficL)
    trafficR                                 0x200020f8   Data           2  code.o(.bss.trafficR)
    trafficU                                 0x200020fa   Data           2  code.o(.bss.trafficU)
    traffic_monitor                          0x200020fc   Data           4  code.o(.bss.traffic_monitor)
    xra                                      0x20002100   Data          20  interrupthandler.o(.bss.xra)



==============================================================================

Memory Map of the image

  Image Entry point : 0x0800032d

  Load Region LR_1 (Base: 0x08000000, Size: 0x00005ce4, Max: 0xffffffff, ABSOLUTE)

    Execution Region ER_RO (Exec base: 0x08000000, Load base: 0x08000000, Size: 0x00005ce4, Max: 0xffffffff, ABSOLUTE)

    Exec Addr    Load Addr    Size         Type   Attr      Idx    E Section Name        Object

    0x08000000   0x08000000   0x000001c4   Data   RO          208    RESET               startup_stm32f446xx.o
    0x080001c4   0x080001c4   0x00000008   Code   RO          252  * !!!main             c_w.l(__main.o)
    0x080001cc   0x080001cc   0x00000034   Code   RO          721    !!!scatter          c_w.l(__scatter.o)
    0x08000200   0x08000200   0x0000001c   Code   RO          723    !!handler_zi        c_w.l(__scatter_zi.o)
    0x0800021c   0x0800021c   0x00000000   Code   RO          336    .ARM.Collect$$_printf_percent$$00000000  c_w.l(_printf_percent.o)
    0x0800021c   0x0800021c   0x00000006   Code   RO          325    .ARM.Collect$$_printf_percent$$00000001  c_w.l(_printf_n.o)
    0x08000222   0x08000222   0x00000006   Code   RO          327    .ARM.Collect$$_printf_percent$$00000002  c_w.l(_printf_p.o)
    0x08000228   0x08000228   0x00000006   Code   RO          332    .ARM.Collect$$_printf_percent$$00000003  c_w.l(_printf_f.o)
    0x0800022e   0x0800022e   0x00000006   Code   RO          333    .ARM.Collect$$_printf_percent$$00000004  c_w.l(_printf_e.o)
    0x08000234   0x08000234   0x00000006   Code   RO          334    .ARM.Collect$$_printf_percent$$00000005  c_w.l(_printf_g.o)
    0x0800023a   0x0800023a   0x00000006   Code   RO          335    .ARM.Collect$$_printf_percent$$00000006  c_w.l(_printf_a.o)
    0x08000240   0x08000240   0x0000000a   Code   RO          340    .ARM.Collect$$_printf_percent$$00000007  c_w.l(_printf_ll.o)
    0x0800024a   0x0800024a   0x00000006   Code   RO          329    .ARM.Collect$$_printf_percent$$00000008  c_w.l(_printf_i.o)
    0x08000250   0x08000250   0x00000006   Code   RO          330    .ARM.Collect$$_printf_percent$$00000009  c_w.l(_printf_d.o)
    0x08000256   0x08000256   0x00000006   Code   RO          331    .ARM.Collect$$_printf_percent$$0000000A  c_w.l(_printf_u.o)
    0x0800025c   0x0800025c   0x00000006   Code   RO          328    .ARM.Collect$$_printf_percent$$0000000B  c_w.l(_printf_o.o)
    0x08000262   0x08000262   0x00000006   Code   RO          326    .ARM.Collect$$_printf_percent$$0000000C  c_w.l(_printf_x.o)
    0x08000268   0x08000268   0x00000006   Code   RO          337    .ARM.Collect$$_printf_percent$$0000000D  c_w.l(_printf_lli.o)
    0x0800026e   0x0800026e   0x00000006   Code   RO          338    .ARM.Collect$$_printf_percent$$0000000E  c_w.l(_printf_lld.o)
    0x08000274   0x08000274   0x00000006   Code   RO          339    .ARM.Collect$$_printf_percent$$0000000F  c_w.l(_printf_llu.o)
    0x0800027a   0x0800027a   0x00000006   Code   RO          344    .ARM.Collect$$_printf_percent$$00000010  c_w.l(_printf_llo.o)
    0x08000280   0x08000280   0x00000006   Code   RO          345    .ARM.Collect$$_printf_percent$$00000011  c_w.l(_printf_llx.o)
    0x08000286   0x08000286   0x0000000a   Code   RO          341    .ARM.Collect$$_printf_percent$$00000012  c_w.l(_printf_l.o)
    0x08000290   0x08000290   0x00000006   Code   RO          323    .ARM.Collect$$_printf_percent$$00000013  c_w.l(_printf_c.o)
    0x08000296   0x08000296   0x00000006   Code   RO          324    .ARM.Collect$$_printf_percent$$00000014  c_w.l(_printf_s.o)
    0x0800029c   0x0800029c   0x00000006   Code   RO          342    .ARM.Collect$$_printf_percent$$00000015  c_w.l(_printf_lc.o)
    0x080002a2   0x080002a2   0x00000006   Code   RO          343    .ARM.Collect$$_printf_percent$$00000016  c_w.l(_printf_ls.o)
    0x080002a8   0x080002a8   0x00000004   Code   RO          455    .ARM.Collect$$_printf_percent$$00000017  c_w.l(_printf_percent_end.o)
    0x080002ac   0x080002ac   0x00000002   Code   RO          536    .ARM.Collect$$libinit$$00000000  c_w.l(libinit.o)
    0x080002ae   0x080002ae   0x00000004   Code   RO          364    .ARM.Collect$$libinit$$00000001  c_w.l(libinit2.o)
    0x080002b2   0x080002b2   0x00000000   Code   RO          367    .ARM.Collect$$libinit$$00000004  c_w.l(libinit2.o)
    0x080002b2   0x080002b2   0x00000000   Code   RO          369    .ARM.Collect$$libinit$$00000006  c_w.l(libinit2.o)
    0x080002b2   0x080002b2   0x00000000   Code   RO          372    .ARM.Collect$$libinit$$0000000C  c_w.l(libinit2.o)
    0x080002b2   0x080002b2   0x00000000   Code   RO          374    .ARM.Collect$$libinit$$0000000E  c_w.l(libinit2.o)
    0x080002b2   0x080002b2   0x00000004   Code   RO          375    .ARM.Collect$$libinit$$0000000F  c_w.l(libinit2.o)
    0x080002b6   0x080002b6   0x00000000   Code   RO          376    .ARM.Collect$$libinit$$00000010  c_w.l(libinit2.o)
    0x080002b6   0x080002b6   0x00000006   Code   RO          377    .ARM.Collect$$libinit$$00000011  c_w.l(libinit2.o)
    0x080002bc   0x080002bc   0x00000000   Code   RO          379    .ARM.Collect$$libinit$$00000013  c_w.l(libinit2.o)
    0x080002bc   0x080002bc   0x0000000c   Code   RO          380    .ARM.Collect$$libinit$$00000014  c_w.l(libinit2.o)
    0x080002c8   0x080002c8   0x00000000   Code   RO          381    .ARM.Collect$$libinit$$00000015  c_w.l(libinit2.o)
    0x080002c8   0x080002c8   0x00000000   Code   RO          383    .ARM.Collect$$libinit$$00000017  c_w.l(libinit2.o)
    0x080002c8   0x080002c8   0x0000000a   Code   RO          384    .ARM.Collect$$libinit$$00000018  c_w.l(libinit2.o)
    0x080002d2   0x080002d2   0x00000000   Code   RO          385    .ARM.Collect$$libinit$$00000019  c_w.l(libinit2.o)
    0x080002d2   0x080002d2   0x00000000   Code   RO          387    .ARM.Collect$$libinit$$0000001B  c_w.l(libinit2.o)
    0x080002d2   0x080002d2   0x00000000   Code   RO          389    .ARM.Collect$$libinit$$0000001D  c_w.l(libinit2.o)
    0x080002d2   0x080002d2   0x00000000   Code   RO          391    .ARM.Collect$$libinit$$0000001F  c_w.l(libinit2.o)
    0x080002d2   0x080002d2   0x00000000   Code   RO          393    .ARM.Collect$$libinit$$00000021  c_w.l(libinit2.o)
    0x080002d2   0x080002d2   0x00000000   Code   RO          395    .ARM.Collect$$libinit$$00000023  c_w.l(libinit2.o)
    0x080002d2   0x080002d2   0x00000000   Code   RO          397    .ARM.Collect$$libinit$$00000025  c_w.l(libinit2.o)
    0x080002d2   0x080002d2   0x00000000   Code   RO          399    .ARM.Collect$$libinit$$00000027  c_w.l(libinit2.o)
    0x080002d2   0x080002d2   0x00000000   Code   RO          403    .ARM.Collect$$libinit$$0000002E  c_w.l(libinit2.o)
    0x080002d2   0x080002d2   0x00000000   Code   RO          405    .ARM.Collect$$libinit$$00000030  c_w.l(libinit2.o)
    0x080002d2   0x080002d2   0x00000000   Code   RO          407    .ARM.Collect$$libinit$$00000032  c_w.l(libinit2.o)
    0x080002d2   0x080002d2   0x00000000   Code   RO          409    .ARM.Collect$$libinit$$00000034  c_w.l(libinit2.o)
    0x080002d2   0x080002d2   0x00000002   Code   RO          410    .ARM.Collect$$libinit$$00000035  c_w.l(libinit2.o)
    0x080002d4   0x080002d4   0x00000002   Code   RO          646    .ARM.Collect$$libshutdown$$00000000  c_w.l(libshutdown.o)
    0x080002d6   0x080002d6   0x00000000   Code   RO          672    .ARM.Collect$$libshutdown$$00000002  c_w.l(libshutdown2.o)
    0x080002d6   0x080002d6   0x00000000   Code   RO          674    .ARM.Collect$$libshutdown$$00000004  c_w.l(libshutdown2.o)
    0x080002d6   0x080002d6   0x00000000   Code   RO          677    .ARM.Collect$$libshutdown$$00000007  c_w.l(libshutdown2.o)
    0x080002d6   0x080002d6   0x00000000   Code   RO          680    .ARM.Collect$$libshutdown$$0000000A  c_w.l(libshutdown2.o)
    0x080002d6   0x080002d6   0x00000000   Code   RO          682    .ARM.Collect$$libshutdown$$0000000C  c_w.l(libshutdown2.o)
    0x080002d6   0x080002d6   0x00000000   Code   RO          685    .ARM.Collect$$libshutdown$$0000000F  c_w.l(libshutdown2.o)
    0x080002d6   0x080002d6   0x00000002   Code   RO          686    .ARM.Collect$$libshutdown$$00000010  c_w.l(libshutdown2.o)
    0x080002d8   0x080002d8   0x00000000   Code   RO          254    .ARM.Collect$$rtentry$$00000000  c_w.l(__rtentry.o)
    0x080002d8   0x080002d8   0x00000000   Code   RO          422    .ARM.Collect$$rtentry$$00000002  c_w.l(__rtentry2.o)
    0x080002d8   0x080002d8   0x00000006   Code   RO          434    .ARM.Collect$$rtentry$$00000004  c_w.l(__rtentry4.o)
    0x080002de   0x080002de   0x00000000   Code   RO          424    .ARM.Collect$$rtentry$$00000009  c_w.l(__rtentry2.o)
    0x080002de   0x080002de   0x00000004   Code   RO          425    .ARM.Collect$$rtentry$$0000000A  c_w.l(__rtentry2.o)
    0x080002e2   0x080002e2   0x00000000   Code   RO          427    .ARM.Collect$$rtentry$$0000000C  c_w.l(__rtentry2.o)
    0x080002e2   0x080002e2   0x00000008   Code   RO          428    .ARM.Collect$$rtentry$$0000000D  c_w.l(__rtentry2.o)
    0x080002ea   0x080002ea   0x00000002   Code   RO          567    .ARM.Collect$$rtexit$$00000000  c_w.l(rtexit.o)
    0x080002ec   0x080002ec   0x00000000   Code   RO          604    .ARM.Collect$$rtexit$$00000002  c_w.l(rtexit2.o)
    0x080002ec   0x080002ec   0x00000004   Code   RO          605    .ARM.Collect$$rtexit$$00000003  c_w.l(rtexit2.o)
    0x080002f0   0x080002f0   0x00000006   Code   RO          606    .ARM.Collect$$rtexit$$00000004  c_w.l(rtexit2.o)
    0x080002f6   0x080002f6   0x00000002   PAD
    0x080002f8   0x080002f8   0x00000034   Code   RO          235    .emb_text           c_w.l(rand.o)
    0x0800032c   0x0800032c   0x00000040   Code   RO          209  * .text               startup_stm32f446xx.o
    0x0800036c   0x0800036c   0x0000002c   Code   RO          231    .text               c_w.l(sprintf.o)
    0x08000398   0x08000398   0x0000003c   Code   RO          233    .text               c_w.l(sscanf.o)
    0x080003d4   0x080003d4   0x0000003c   Code   RO          236    .text               c_w.l(rand.o)
    0x08000410   0x08000410   0x00000048   Code   RO          240    .text               c_w.l(strcpy.o)
    0x08000458   0x08000458   0x0000003e   Code   RO          242    .text               c_w.l(strlen.o)
    0x08000496   0x08000496   0x00000018   Code   RO          244    .text               c_w.l(strcat.o)
    0x080004ae   0x080004ae   0x0000008a   Code   RO          246    .text               c_w.l(rt_memcpy_v6.o)
    0x08000538   0x08000538   0x0000004e   Code   RO          248    .text               c_w.l(rt_memclr_w.o)
    0x08000586   0x08000586   0x00000006   Code   RO          250    .text               c_w.l(heapauxi.o)
    0x0800058c   0x0800058c   0x0000004e   Code   RO          257    .text               c_w.l(_printf_pad.o)
    0x080005da   0x080005da   0x00000024   Code   RO          259    .text               c_w.l(_printf_truncate.o)
    0x080005fe   0x080005fe   0x00000052   Code   RO          261    .text               c_w.l(_printf_str.o)
    0x08000650   0x08000650   0x00000078   Code   RO          263    .text               c_w.l(_printf_dec.o)
    0x080006c8   0x080006c8   0x00000028   Code   RO          265    .text               c_w.l(_printf_charcount.o)
    0x080006f0   0x080006f0   0x00000030   Code   RO          267    .text               c_w.l(_printf_char_common.o)
    0x08000720   0x08000720   0x0000000a   Code   RO          269    .text               c_w.l(_sputc.o)
    0x0800072a   0x0800072a   0x00000002   PAD
    0x0800072c   0x0800072c   0x000000bc   Code   RO          271    .text               c_w.l(_printf_wctomb.o)
    0x080007e8   0x080007e8   0x0000007c   Code   RO          274    .text               c_w.l(_printf_longlong_dec.o)
    0x08000864   0x08000864   0x00000070   Code   RO          280    .text               c_w.l(_printf_oct_int_ll.o)
    0x080008d4   0x080008d4   0x00000094   Code   RO          300    .text               c_w.l(_printf_hex_int_ll_ptr.o)
    0x08000968   0x08000968   0x00000188   Code   RO          320    .text               c_w.l(__printf_flags_ss_wp.o)
    0x08000af0   0x08000af0   0x00000156   Code   RO          346    .text               c_w.l(_scanf_longlong.o)
    0x08000c46   0x08000c46   0x0000014c   Code   RO          348    .text               c_w.l(_scanf_int.o)
    0x08000d92   0x08000d92   0x000000e0   Code   RO          350    .text               c_w.l(_scanf_str.o)
    0x08000e72   0x08000e72   0x00000002   PAD
    0x08000e74   0x08000e74   0x0000002c   Code   RO          352    .text               c_w.l(scanf_char.o)
    0x08000ea0   0x08000ea0   0x00000040   Code   RO          354    .text               c_w.l(_sgetc.o)
    0x08000ee0   0x08000ee0   0x00000114   Code   RO          356    .text               c_w.l(_scanf_mbtowc.o)
    0x08000ff4   0x08000ff4   0x000000e8   Code   RO          358    .text               c_w.l(_scanf_wctomb.o)
    0x080010dc   0x080010dc   0x000000d0   Code   RO          360    .text               c_w.l(_scanf_wstr.o)
    0x080011ac   0x080011ac   0x00000064   Code   RO          362    .text               c_w.l(rt_memcpy_w.o)
    0x08001210   0x08001210   0x0000008a   Code   RO          436    .text               c_w.l(lludiv10.o)
    0x0800129a   0x0800129a   0x00000012   Code   RO          438    .text               c_w.l(isspace.o)
    0x080012ac   0x080012ac   0x000000b2   Code   RO          440    .text               c_w.l(_printf_intcommon.o)
    0x0800135e   0x0800135e   0x0000041c   Code   RO          442    .text               c_w.l(_printf_fp_dec.o)
    0x0800177a   0x0800177a   0x00000002   PAD
    0x0800177c   0x0800177c   0x000002fc   Code   RO          446    .text               c_w.l(_printf_fp_hex.o)
    0x08001a78   0x08001a78   0x0000002c   Code   RO          451    .text               c_w.l(_printf_char.o)
    0x08001aa4   0x08001aa4   0x0000002c   Code   RO          453    .text               c_w.l(_printf_wchar.o)
    0x08001ad0   0x08001ad0   0x0000001c   Code   RO          456    .text               c_w.l(_chval.o)
    0x08001aec   0x08001aec   0x00000374   Code   RO          458    .text               c_w.l(_scanf.o)
    0x08001e60   0x08001e60   0x000004f8   Code   RO          460    .text               c_w.l(scanf_fp.o)
    0x08002358   0x08002358   0x0000001e   Code   RO          464    .text               c_w.l(_scanf_wcharmap.o)
    0x08002376   0x08002376   0x00000040   Code   RO          466    .text               c_w.l(_mbrtoc16.o)
    0x080023b6   0x080023b6   0x00000048   Code   RO          468    .text               c_w.l(_c16rtomb.o)
    0x080023fe   0x080023fe   0x0000004a   Code   RO          474    .text               c_w.l(sys_stackheap_outer.o)
    0x08002448   0x08002448   0x00000010   Code   RO          476    .text               c_w.l(rt_ctype_table.o)
    0x08002458   0x08002458   0x00000008   Code   RO          481    .text               c_w.l(rt_locale_intlibspace.o)
    0x08002460   0x08002460   0x00000008   Code   RO          486    .text               c_w.l(rt_errno_addr_intlibspace.o)
    0x08002468   0x08002468   0x00000026   Code   RO          488    .text               c_w.l(llshl.o)
    0x0800248e   0x0800248e   0x00000002   PAD
    0x08002490   0x08002490   0x00000080   Code   RO          490    .text               c_w.l(_printf_fp_infnan.o)
    0x08002510   0x08002510   0x000000e4   Code   RO          492    .text               c_w.l(bigflt0.o)
    0x080025f4   0x080025f4   0x00000012   Code   RO          525    .text               c_w.l(exit.o)
    0x08002606   0x08002606   0x00000002   PAD
    0x08002608   0x08002608   0x00000008   Code   RO          564    .text               c_w.l(libspace.o)
    0x08002610   0x08002610   0x00000016   Code   RO          571    .text               c_w.l(_rserrno.o)
    0x08002626   0x08002626   0x00000002   PAD
    0x08002628   0x08002628   0x00000320   Code   RO          573    .text               c_w.l(scanf_hexfp.o)
    0x08002948   0x08002948   0x00000134   Code   RO          575    .text               c_w.l(scanf_infnan.o)
    0x08002a7c   0x08002a7c   0x00000004   PAD
    0x08002a80   0x08002a80   0x0000007c   Code   RO          586    .text               c_w.l(strcmpv7em.o)
    0x08002afc   0x08002afc   0x00000002   Code   RO          600    .text               c_w.l(use_no_semi.o)
    0x08002afe   0x08002afe   0x00000000   Code   RO          602    .text               c_w.l(indicate_semi.o)
    0x08002afe   0x08002afe   0x00000002   PAD
    0x08002b00   0x08002b00   0x0000000c   Code   RO          636    .text               c_w.l(sys_exit.o)
    0x08002b0c   0x08002b0c   0x00000118   Code   RO           74    .text.GPIO_Init     gpio.o
    0x08002c24   0x08002c24   0x00000044   Code   RO           72    .text.GPIO_WritePin  gpio.o
    0x08002c68   0x08002c68   0x00000052   Code   RO           87    .text.SysTick_Config  sys_init.o
    0x08002cba   0x08002cba   0x00000002   PAD
    0x08002cbc   0x08002cbc   0x00000010   Code   RO           83    .text.SysTick_Handler  sys_init.o
    0x08002ccc   0x08002ccc   0x00000012   Code   RO          216    .text.SystemInit    system_stm32f4xx.o
    0x08002cde   0x08002cde   0x00000002   PAD
    0x08002ce0   0x08002ce0   0x00000056   Code   RO          183    .text.TIM6_Config   timer.o
    0x08002d36   0x08002d36   0x00000002   PAD
    0x08002d38   0x08002d38   0x00000056   Code   RO          181    .text.TIM6_DAC_IRQHandler  timer.o
    0x08002d8e   0x08002d8e   0x00000002   PAD
    0x08002d90   0x08002d90   0x000000b8   Code   RO          123    .text.UART1_Config  usart.o
    0x08002e48   0x08002e48   0x000000b2   Code   RO          119    .text.UART2_Config  usart.o
    0x08002efa   0x08002efa   0x00000002   PAD
    0x08002efc   0x08002efc   0x000000b8   Code   RO          125    .text.UART6_Config  usart.o
    0x08002fb4   0x08002fb4   0x00000024   Code   RO          105    .text.UART_SendChar  usart.o
    0x08002fd8   0x08002fd8   0x00000030   Code   RO          113    .text.UART_SendString  usart.o
    0x08003008   0x08003008   0x000000c2   Code   RO          140    .text.USART1_IRQHandler  interrupthandler.o
    0x080030ca   0x080030ca   0x00000002   PAD
    0x080030cc   0x080030cc   0x0000010a   Code   RO          136    .text.USART2_IRQHandler  interrupthandler.o
    0x080031d6   0x080031d6   0x00000002   PAD
    0x080031d8   0x080031d8   0x000000c2   Code   RO          138    .text.USART6_IRQHandler  interrupthandler.o
    0x0800329a   0x0800329a   0x00000002   PAD
    0x0800329c   0x0800329c   0x00000030   Code   RO          121    .text.__NVIC_EnableIRQ  usart.o
    0x080032cc   0x080032cc   0x00000030   Code   RO          185    .text.__NVIC_EnableIRQ  timer.o
    0x080032fc   0x080032fc   0x00000042   Code   RO           93    .text.__NVIC_SetPriority  sys_init.o
    0x0800333e   0x0800333e   0x00000002   PAD
    0x08003340   0x08003340   0x0000024c   Code   RO          154    .text.configuration  interrupthandler.o
    0x0800358c   0x0800358c   0x000000d8   Code   RO          152    .text.control_to_light  interrupthandler.o
    0x08003664   0x08003664   0x0000004a   Code   RO          144    .text.create_read1  interrupthandler.o
    0x080036ae   0x080036ae   0x00000002   PAD
    0x080036b0   0x080036b0   0x0000004a   Code   RO          146    .text.create_read2  interrupthandler.o
    0x080036fa   0x080036fa   0x00000002   PAD
    0x080036fc   0x080036fc   0x0000002e   Code   RO          173    .text.get_val       timer.o
    0x0800372a   0x0800372a   0x00000002   PAD
    0x0800372c   0x0800372c   0x0000002e   Code   RO            4    .text.get_value     code.o
    0x0800375a   0x0800375a   0x00000002   PAD
    0x0800375c   0x0800375c   0x000000d6   Code   RO           64    .text.initClock     clock.o
    0x08003832   0x08003832   0x00000002   PAD
    0x08003834   0x08003834   0x00000038   Code   RO          142    .text.int_to_str    interrupthandler.o
    0x0800386c   0x0800386c   0x000000e8   Code   RO          150    .text.light_to_control  interrupthandler.o
    0x08003954   0x08003954   0x0000025c   Code   RO           26    .text.main          code.o
    0x08003bb0   0x08003bb0   0x000000a0   Code   RO          177    .text.monitor_cong  timer.o
    0x08003c50   0x08003c50   0x00000190   Code   RO          175    .text.monitor_signal  timer.o
    0x08003de0   0x08003de0   0x00000030   Code   RO           91    .text.ms_delay      sys_init.o
    0x08003e10   0x08003e10   0x000000f4   Code   RO          134    .text.parse_string  interrupthandler.o
    0x08003f04   0x08003f04   0x0000001a   Code   RO          171    .text.pin_stat      timer.o
    0x08003f1e   0x08003f1e   0x00000002   PAD
    0x08003f20   0x08003f20   0x0000001a   Code   RO           24    .text.pin_status    code.o
    0x08003f3a   0x08003f3a   0x00000002   PAD
    0x08003f3c   0x08003f3c   0x0000010c   Code   RO          179    .text.print_monitor  timer.o
    0x08004048   0x08004048   0x00000086   Code   RO            6    .text.reset_led     code.o
    0x080040ce   0x080040ce   0x00000002   PAD
    0x080040d0   0x080040d0   0x00000010   Code   RO           85    .text.sysInit       sys_init.o
    0x080040e0   0x080040e0   0x00000050   Code   RO           14    .text.traffic_LR_go  code.o
    0x08004130   0x08004130   0x00000052   Code   RO           16    .text.traffic_LR_stop  code.o
    0x08004182   0x08004182   0x00000002   PAD
    0x08004184   0x08004184   0x0000004e   Code   RO           18    .text.traffic_UD_go  code.o
    0x080041d2   0x080041d2   0x00000002   PAD
    0x080041d4   0x080041d4   0x00000050   Code   RO           20    .text.traffic_UD_stop  code.o
    0x08004224   0x08004224   0x000000e2   Code   RO           10    .text.traffic_cnt   code.o
    0x08004306   0x08004306   0x00000002   PAD
    0x08004308   0x08004308   0x0000007c   Code   RO            8    .text.traffic_indicator  code.o
    0x08004384   0x08004384   0x0000020e   Code   RO           12    .text.traffic_move  code.o
    0x08004592   0x08004592   0x00000002   PAD
    0x08004594   0x08004594   0x0000004c   Code   RO           22    .text.traffic_update  code.o
    0x080045e0   0x080045e0   0x00000042   Code   RO            2    .text.update_signal  code.o
    0x08004622   0x08004622   0x00000002   PAD
    0x08004624   0x08004624   0x00000074   Code   RO          148    .text.write_to_inp_buffer  interrupthandler.o
    0x08004698   0x08004698   0x0000003e   Code   RO          495    CL$$btod_d2e        c_w.l(btod.o)
    0x080046d6   0x080046d6   0x00000046   Code   RO          497    CL$$btod_d2e_denorm_low  c_w.l(btod.o)
    0x0800471c   0x0800471c   0x00000060   Code   RO          496    CL$$btod_d2e_norm_op1  c_w.l(btod.o)
    0x0800477c   0x0800477c   0x00000338   Code   RO          505    CL$$btod_div_common  c_w.l(btod.o)
    0x08004ab4   0x08004ab4   0x00000084   Code   RO          503    CL$$btod_e2d        c_w.l(btod.o)
    0x08004b38   0x08004b38   0x000000dc   Code   RO          502    CL$$btod_e2e        c_w.l(btod.o)
    0x08004c14   0x08004c14   0x0000002a   Code   RO          499    CL$$btod_ediv       c_w.l(btod.o)
    0x08004c3e   0x08004c3e   0x0000002a   Code   RO          501    CL$$btod_edivd      c_w.l(btod.o)
    0x08004c68   0x08004c68   0x0000002a   Code   RO          498    CL$$btod_emul       c_w.l(btod.o)
    0x08004c92   0x08004c92   0x0000002a   Code   RO          500    CL$$btod_emuld      c_w.l(btod.o)
    0x08004cbc   0x08004cbc   0x00000244   Code   RO          504    CL$$btod_mult_common  c_w.l(btod.o)
    0x08004f00   0x08004f00   0x00000030   Code   RO          550    i.__ARM_fpclassify  m_wm.l(fpclassify.o)
    0x08004f30   0x08004f30   0x000000f8   Code   RO          552    i.__hardfp___mathlib_tofloat  m_wm.l(narrow.o)
    0x08005028   0x08005028   0x000000d0   Code   RO          628    i.__hardfp_ldexp    m_wm.l(ldexp.o)
    0x080050f8   0x080050f8   0x00000020   Code   RO          655    i.__mathlib_dbl_overflow  m_wm.l(dunder.o)
    0x08005118   0x08005118   0x00000020   Code   RO          657    i.__mathlib_dbl_underflow  m_wm.l(dunder.o)
    0x08005138   0x08005138   0x00000012   Code   RO          553    i.__mathlib_narrow  m_wm.l(narrow.o)
    0x0800514a   0x0800514a   0x00000014   Code   RO          630    i.__support_ldexp   m_wm.l(ldexp.o)
    0x0800515e   0x0800515e   0x0000000e   Code   RO          313    i._is_digit         c_w.l(__printf_wp.o)
    0x0800516c   0x0800516c   0x00000004   PAD
    0x08005170   0x08005170   0x0000008c   Code   RO          596    i.frexp             m_wm.l(frexp.o)
    0x080051fc   0x080051fc   0x0000002c   Code   RO          523    locale$$code        c_w.l(lc_numeric_c.o)
    0x08005228   0x08005228   0x0000002c   Code   RO          580    locale$$code        c_w.l(lc_ctype_c.o)
    0x08005254   0x08005254   0x00000062   Code   RO          588    x$fpl$d2f           fz_wm.l(d2f.o)
    0x080052b6   0x080052b6   0x00000002   PAD
    0x080052b8   0x080052b8   0x00000010   Code   RO          693    x$fpl$dcheck1       fz_wm.l(dcheck1.o)
    0x080052c8   0x080052c8   0x00000018   Code   RO          618    x$fpl$dcmpinf       fz_wm.l(dcmpi.o)
    0x080052e0   0x080052e0   0x00000078   Code   RO          590    x$fpl$deqf          fz_wm.l(deqf.o)
    0x08005358   0x08005358   0x00000078   Code   RO          620    x$fpl$dleqf         fz_wm.l(dleqf.o)
    0x080053d0   0x080053d0   0x00000154   Code   RO          622    x$fpl$dmul          fz_wm.l(dmul.o)
    0x08005524   0x08005524   0x0000009c   Code   RO          624    x$fpl$dnaninf       fz_wm.l(dnaninf.o)
    0x080055c0   0x080055c0   0x0000000c   Code   RO          647    x$fpl$dretinf       fz_wm.l(dretinf.o)
    0x080055cc   0x080055cc   0x0000006c   Code   RO          592    x$fpl$drleqf        fz_wm.l(drleqf.o)
    0x08005638   0x08005638   0x0000001a   Code   RO          472    x$fpl$fpinit        fz_wm.l(fpinit.o)
    0x08005652   0x08005652   0x0000000a   Code   RO          626    x$fpl$fretinf       fz_wm.l(fretinf.o)
    0x0800565c   0x0800565c   0x00000006   Code   RO          541    x$fpl$ieeestatus    fz_wm.l(istatus.o)
    0x08005662   0x08005662   0x00000004   Code   RO          411    x$fpl$printf1       fz_wm.l(printf1.o)
    0x08005666   0x08005666   0x00000004   Code   RO          413    x$fpl$printf2       fz_wm.l(printf2.o)
    0x0800566a   0x0800566a   0x00000064   Code   RO          715    x$fpl$retnan        fz_wm.l(retnan.o)
    0x080056ce   0x080056ce   0x0000005c   Code   RO          649    x$fpl$scalbn        fz_wm.l(scalbn.o)
    0x0800572a   0x0800572a   0x00000004   Code   RO          419    x$fpl$scanf1        fz_wm.l(scanf1.o)
    0x0800572e   0x0800572e   0x00000008   Code   RO          543    x$fpl$scanf2        fz_wm.l(scanf2.o)
    0x08005736   0x08005736   0x00000030   Code   RO          717    x$fpl$trapveneer    fz_wm.l(trapv.o)
    0x08005766   0x08005766   0x00000000   Code   RO          549    x$fpl$usenofp       fz_wm.l(usenofp.o)
    0x08005766   0x08005766   0x00000002   PAD
    0x08005768   0x08005768   0x00000008   Data   RO          272    .constdata          c_w.l(_printf_wctomb.o)
    0x08005770   0x08005770   0x00000028   Data   RO          301    .constdata          c_w.l(_printf_hex_int_ll_ptr.o)
    0x08005798   0x08005798   0x00000011   Data   RO          321    .constdata          c_w.l(__printf_flags_ss_wp.o)
    0x080057a9   0x080057a9   0x00000026   Data   RO          447    .constdata          c_w.l(_printf_fp_hex.o)
    0x080057cf   0x080057cf   0x00000001   PAD
    0x080057d0   0x080057d0   0x00000094   Data   RO          493    .constdata          c_w.l(bigflt0.o)
    0x08005864   0x08005864   0x00000064   Data   RO          159    .rodata..L__const.configuration.tmp1  interrupthandler.o
    0x080058c8   0x080058c8   0x00000064   Data   RO          162    .rodata..L__const.configuration.tmp1.6  interrupthandler.o
    0x0800592c   0x0800592c   0x00000064   Data   RO          160    .rodata..L__const.configuration.tmp2  interrupthandler.o
    0x08005990   0x08005990   0x00000064   Data   RO          163    .rodata..L__const.configuration.tmp2.7  interrupthandler.o
    0x080059f4   0x080059f4   0x00000032   Data   RO          158    .rodata..L__const.configuration.tmp3  interrupthandler.o
    0x08005a26   0x08005a26   0x00000032   Data   RO          161    .rodata..L__const.configuration.tmp3.5  interrupthandler.o
    0x08005a58   0x08005a58   0x00000024   Data   RO           35    .rodata.str1.1      code.o
    0x08005a7c   0x08005a7c   0x00000060   Data   RO          156    .rodata.str1.1      interrupthandler.o
    0x08005adc   0x08005adc   0x000000ba   Data   RO          191    .rodata.str1.1      timer.o
    0x08005b96   0x08005b96   0x00000002   PAD
    0x08005b98   0x08005b98   0x00000010   Data   RO          720    Region$$Table       anon$$obj.o
    0x08005ba8   0x08005ba8   0x00000008   Data   RO          537    c$$dinf             fz_wm.l(fpconst.o)
    0x08005bb0   0x08005bb0   0x00000008   Data   RO          540    c$$dmax             fz_wm.l(fpconst.o)
    0x08005bb8   0x08005bb8   0x0000001c   Data   RO          522    locale$$data        c_w.l(lc_numeric_c.o)
    0x08005bd4   0x08005bd4   0x00000110   Data   RO          579    locale$$data        c_w.l(lc_ctype_c.o)


    Execution Region ER_RW (Exec base: 0x20000000, Load base: 0x08005ce4, Size: 0x00000000, Max: 0xffffffff, ABSOLUTE)

    **** No section assigned to this execution region ****


    Execution Region ER_ZI (Exec base: 0x20000000, Load base: 0x08005ce4, Size: 0x00002718, Max: 0xffffffff, ABSOLUTE)

    Exec Addr    Load Addr    Size         Type   Attr      Idx    E Section Name        Object

    0x20000000        -       0x000000e4   Zero   RW          237    .bss                c_w.l(rand.o)
    0x200000e4        -       0x00000060   Zero   RW          565    .bss                c_w.l(libspace.o)
    0x20000144        -       0x00000002   Zero   RW           33    .bss.LR             code.o
    0x20000146   0x08005ce4   0x00000002   PAD
    0x20000148        -       0x00000004   Zero   RW           38    .bss.LR_Green_to_Yellow  code.o
    0x2000014c        -       0x00000004   Zero   RW           37    .bss.LR_Red_to_Green  code.o
    0x20000150        -       0x00000004   Zero   RW           46    .bss.LR_Yellow_to_Red  code.o
    0x20000154        -       0x00000004   Zero   RW           47    .bss.LR_extra_time  code.o
    0x20000158        -       0x00000002   Zero   RW           32    .bss.UD             code.o
    0x2000015a   0x08005ce4   0x00000002   PAD
    0x2000015c        -       0x00000004   Zero   RW           40    .bss.UD_Green_to_Yellow  code.o
    0x20000160        -       0x00000004   Zero   RW           39    .bss.UD_Red_to_Green  code.o
    0x20000164        -       0x00000004   Zero   RW           44    .bss.UD_Yellow_to_Red  code.o
    0x20000168        -       0x00000004   Zero   RW           45    .bss.UD_extra_time  code.o
    0x2000016c        -       0x000001f4   Zero   RW           52    .bss.con_buffer_in  code.o
    0x20000360        -       0x000001f4   Zero   RW           53    .bss.con_buffer_outp  code.o
    0x20000554        -       0x00000004   Zero   RW           34    .bss.con_flag       code.o
    0x20000558        -       0x00000004   Zero   RW           41    .bss.con_in         code.o
    0x2000055c        -       0x00000004   Zero   RW           42    .bss.con_out        code.o
    0x20000560        -       0x00000004   Zero   RW          187    .bss.counter        timer.o
    0x20000564        -       0x00000014   Zero   RW           49    .bss.gpio_LRlight   code.o
    0x20000578        -       0x00000014   Zero   RW           48    .bss.gpio_UDlight   code.o
    0x2000058c        -       0x00000004   Zero   RW           54    .bss.in             code.o
    0x20000590        -       0x000001f4   Zero   RW           50    .bss.in_buffer      code.o
    0x20000784        -       0x00000004   Zero   RW           95    .bss.msTicks        sys_init.o
    0x20000788        -       0x00000004   Zero   RW           55    .bss.out            code.o
    0x2000078c        -       0x000001f4   Zero   RW           51    .bss.out_buffer     code.o
    0x20000980        -       0x000001f4   Zero   RW          188    .bss.prev2          timer.o
    0x20000b74        -       0x000001f4   Zero   RW          189    .bss.prev3          timer.o
    0x20000d68        -       0x000003e8   Zero   RW          199    .bss.sen            timer.o
    0x20001150        -       0x000001f4   Zero   RW          195    .bss.tim1           timer.o
    0x20001344        -       0x000001f4   Zero   RW          196    .bss.tim2           timer.o
    0x20001538        -       0x000001f4   Zero   RW          197    .bss.tim3           timer.o
    0x2000172c        -       0x000001f4   Zero   RW          198    .bss.tim4           timer.o
    0x20001920        -       0x00000004   Zero   RW           36    .bss.tim_flag       code.o
    0x20001924        -       0x000001f4   Zero   RW          190    .bss.tmp1           timer.o
    0x20001b18        -       0x000001f4   Zero   RW          192    .bss.tmp2           timer.o
    0x20001d0c        -       0x000001f4   Zero   RW          193    .bss.tmp3           timer.o
    0x20001f00        -       0x000001f4   Zero   RW          194    .bss.tmp4           timer.o
    0x200020f4        -       0x00000002   Zero   RW           29    .bss.trafficD       code.o
    0x200020f6        -       0x00000002   Zero   RW           30    .bss.trafficL       code.o
    0x200020f8        -       0x00000002   Zero   RW           31    .bss.trafficR       code.o
    0x200020fa        -       0x00000002   Zero   RW           28    .bss.trafficU       code.o
    0x200020fc        -       0x00000004   Zero   RW           43    .bss.traffic_monitor  code.o
    0x20002100        -       0x00000014   Zero   RW          157    .bss.xra            interrupthandler.o
    0x20002114   0x08005ce4   0x00000004   PAD
    0x20002118        -       0x00000200   Zero   RW          207    HEAP                startup_stm32f446xx.o
    0x20002318        -       0x00000400   Zero   RW          206    STACK               startup_stm32f446xx.o


==============================================================================

Image component sizes


      Code (inc. data)   RO Data    RW Data    ZI Data      Debug   Object Name

       214          0          0          0          0       1754   clock.o
      2148          0         36          0       2112       5050   code.o
       348          0          0          0          0       2649   gpio.o
      2254          0        596          0         20       4018   interrupthandler.o
        64         26        452          0       1536        872   startup_stm32f446xx.o
       228          0          0          0          4       4638   sys_init.o
        18          0          0          0          0       2718   system_stm32f4xx.o
      1120          0        186          0       6004       6561   timer.o
       678          0          0          0          0       6488   usart.o

    ----------------------------------------------------------------------
      7116         26       1288          0       9684      34748   Object Totals
         0          0         16          0          0          0   (incl. Generated)
        44          0          2          0          8          0   (incl. Padding)

    ----------------------------------------------------------------------

      Code (inc. data)   RO Data    RW Data    ZI Data      Debug   Library Member Name

         8          0          0          0          0         68   __main.o
       392          4         17          0          0         92   __printf_flags_ss_wp.o
        14          0          0          0          0         68   __printf_wp.o
         0          0          0          0          0          0   __rtentry.o
        12          0          0          0          0          0   __rtentry2.o
         6          0          0          0          0          0   __rtentry4.o
        52          8          0          0          0          0   __scatter.o
        28          0          0          0          0          0   __scatter_zi.o
        72          0          0          0          0         96   _c16rtomb.o
        28          0          0          0          0         68   _chval.o
        64          0          0          0          0         84   _mbrtoc16.o
         6          0          0          0          0          0   _printf_a.o
         6          0          0          0          0          0   _printf_c.o
        44          0          0          0          0        108   _printf_char.o
        48          6          0          0          0         96   _printf_char_common.o
        40          0          0          0          0         68   _printf_charcount.o
         6          0          0          0          0          0   _printf_d.o
       120         16          0          0          0         92   _printf_dec.o
         6          0          0          0          0          0   _printf_e.o
         6          0          0          0          0          0   _printf_f.o
      1052          0          0          0          0        148   _printf_fp_dec.o
       764          8         38          0          0        100   _printf_fp_hex.o
       128         16          0          0          0         84   _printf_fp_infnan.o
         6          0          0          0          0          0   _printf_g.o
       148          4         40          0          0        160   _printf_hex_int_ll_ptr.o
         6          0          0          0          0          0   _printf_i.o
       178          0          0          0          0         88   _printf_intcommon.o
        10          0          0          0          0          0   _printf_l.o
         6          0          0          0          0          0   _printf_lc.o
        10          0          0          0          0          0   _printf_ll.o
         6          0          0          0          0          0   _printf_lld.o
         6          0          0          0          0          0   _printf_lli.o
         6          0          0          0          0          0   _printf_llo.o
         6          0          0          0          0          0   _printf_llu.o
         6          0          0          0          0          0   _printf_llx.o
       124         16          0          0          0         92   _printf_longlong_dec.o
         6          0          0          0          0          0   _printf_ls.o
         6          0          0          0          0          0   _printf_n.o
         6          0          0          0          0          0   _printf_o.o
       112          8          0          0          0        124   _printf_oct_int_ll.o
         6          0          0          0          0          0   _printf_p.o
        78          0          0          0          0        108   _printf_pad.o
         0          0          0          0          0          0   _printf_percent.o
         4          0          0          0          0          0   _printf_percent_end.o
         6          0          0          0          0          0   _printf_s.o
        82          0          0          0          0         80   _printf_str.o
        36          0          0          0          0         84   _printf_truncate.o
         6          0          0          0          0          0   _printf_u.o
        44          0          0          0          0        108   _printf_wchar.o
       188          6          8          0          0         92   _printf_wctomb.o
         6          0          0          0          0          0   _printf_x.o
        22          0          0          0          0        100   _rserrno.o
       884          6          0          0          0        100   _scanf.o
       332          0          0          0          0         96   _scanf_int.o
       342          0          0          0          0        100   _scanf_longlong.o
       276          0          0          0          0        100   _scanf_mbtowc.o
       224          0          0          0          0         96   _scanf_str.o
        30          0          0          0          0         76   _scanf_wcharmap.o
       232          0          0          0          0        100   _scanf_wctomb.o
       208          0          0          0          0         96   _scanf_wstr.o
        64          0          0          0          0         84   _sgetc.o
        10          0          0          0          0         68   _sputc.o
       228          4        148          0          0         96   bigflt0.o
      2152        136          0          0          0        956   btod.o
        18          0          0          0          0         80   exit.o
         6          0          0          0          0        152   heapauxi.o
         0          0          0          0          0          0   indicate_semi.o
        18          0          0          0          0         76   isspace.o
        44         10        272          0          0         76   lc_ctype_c.o
        44         10         28          0          0         76   lc_numeric_c.o
         2          0          0          0          0          0   libinit.o
        38          0          0          0          0          0   libinit2.o
         2          0          0          0          0          0   libshutdown.o
         2          0          0          0          0          0   libshutdown2.o
         8          4          0          0         96         68   libspace.o
        38          0          0          0          0         68   llshl.o
       138          0          0          0          0         80   lludiv10.o
       112         18          0          0        228        160   rand.o
        16          4          0          0          0         76   rt_ctype_table.o
         8          4          0          0          0         68   rt_errno_addr_intlibspace.o
         8          4          0          0          0         68   rt_locale_intlibspace.o
        78          0          0          0          0         80   rt_memclr_w.o
       138          0          0          0          0         68   rt_memcpy_v6.o
       100          0          0          0          0         80   rt_memcpy_w.o
         2          0          0          0          0          0   rtexit.o
        10          0          0          0          0          0   rtexit2.o
        44          8          0          0          0         84   scanf_char.o
      1272         16          0          0          0        168   scanf_fp.o
       800         14          0          0          0        100   scanf_hexfp.o
       308         16          0          0          0        100   scanf_infnan.o
        44          6          0          0          0         84   sprintf.o
        60          8          0          0          0         84   sscanf.o
        24          0          0          0          0         68   strcat.o
       124          0          0          0          0         88   strcmpv7em.o
        72          0          0          0          0         80   strcpy.o
        62          0          0          0          0         76   strlen.o
        12          4          0          0          0         68   sys_exit.o
        74          0          0          0          0         80   sys_stackheap_outer.o
         2          0          0          0          0         68   use_no_semi.o
        98          4          0          0          0        140   d2f.o
        16          4          0          0          0        116   dcheck1.o
        24          0          0          0          0        116   dcmpi.o
       120          4          0          0          0        140   deqf.o
       120          4          0          0          0        140   dleqf.o
       340         12          0          0          0        152   dmul.o
       156          4          0          0          0        140   dnaninf.o
        12          0          0          0          0        116   dretinf.o
       108          0          0          0          0        128   drleqf.o
         0          0         16          0          0          0   fpconst.o
        26          0          0          0          0        116   fpinit.o
        10          0          0          0          0        116   fretinf.o
         6          0          0          0          0        116   istatus.o
         4          0          0          0          0        116   printf1.o
         4          0          0          0          0        116   printf2.o
       100          0          0          0          0        116   retnan.o
        92          0          0          0          0        116   scalbn.o
         4          0          0          0          0        116   scanf1.o
         8          0          0          0          0        132   scanf2.o
        48          0          0          0          0        116   trapv.o
         0          0          0          0          0          0   usenofp.o
        64         16          0          0          0        248   dunder.o
        48          0          0          0          0        124   fpclassify.o
       140         22          0          0          0        132   frexp.o
       228          8          0          0          0        308   ldexp.o
       266         16          0          0          0        308   narrow.o

    ----------------------------------------------------------------------
     14808        462        568          0        324      10084   Library Totals
        28          4          1          0          0          0   (incl. Padding)

    ----------------------------------------------------------------------

      Code (inc. data)   RO Data    RW Data    ZI Data      Debug   Library Name

     12738        364        551          0        324       6600   c_w.l
      1296         32         16          0          0       2364   fz_wm.l
       746         62          0          0          0       1120   m_wm.l

    ----------------------------------------------------------------------
     14808        462        568          0        324      10084   Library Totals

    ----------------------------------------------------------------------

==============================================================================


      Code (inc. data)   RO Data    RW Data    ZI Data      Debug   

     21924        488       1856          0      10008      38484   Grand Totals
     21924        488       1856          0      10008      38484   ELF Image Totals
     21924        488       1856          0          0          0   ROM Totals

==============================================================================

    Total RO  Size (Code + RO Data)                23780 (  23.22kB)
    Total RW  Size (RW Data + ZI Data)             10008 (   9.77kB)
    Total ROM Size (Code + RO Data + RW Data)      23780 (  23.22kB)

==============================================================================

